Archive member included to satisfy reference by file (symbol)

/opt/arm-gnu-toolchain-13.3.rel1-x86_64-arm-none-eabi/bin/../lib/gcc/arm-none-eabi/13.3.1/thumb/v8-m.main+fp/hard/libgcc.a(_aeabi_ldivmod.o)
                              ./ra/fsp/src/r_sci_uart/r_sci_uart.o (__aeabi_ldivmod)
/opt/arm-gnu-toolchain-13.3.rel1-x86_64-arm-none-eabi/bin/../lib/gcc/arm-none-eabi/13.3.1/thumb/v8-m.main+fp/hard/libgcc.a(_udivmoddi4.o)
                              /opt/arm-gnu-toolchain-13.3.rel1-x86_64-arm-none-eabi/bin/../lib/gcc/arm-none-eabi/13.3.1/thumb/v8-m.main+fp/hard/libgcc.a(_aeabi_ldivmod.o) (__udivmoddi4)
/opt/arm-gnu-toolchain-13.3.rel1-x86_64-arm-none-eabi/bin/../lib/gcc/arm-none-eabi/13.3.1/thumb/v8-m.main+fp/hard/libgcc.a(_dvmd_tls.o)
                              /opt/arm-gnu-toolchain-13.3.rel1-x86_64-arm-none-eabi/bin/../lib/gcc/arm-none-eabi/13.3.1/thumb/v8-m.main+fp/hard/libgcc.a(_aeabi_ldivmod.o) (__aeabi_ldiv0)
/opt/arm-gnu-toolchain-13.3.rel1-x86_64-arm-none-eabi/bin/../lib/gcc/arm-none-eabi/13.3.1/../../../../arm-none-eabi/lib/thumb/v8-m.main+fp/hard/libg_nano.a(libc_a-exit.o)
                              /opt/arm-gnu-toolchain-13.3.rel1-x86_64-arm-none-eabi/bin/../lib/gcc/arm-none-eabi/13.3.1/../../../../arm-none-eabi/lib/thumb/v8-m.main+fp/hard/rdimon-crt0.o (exit)
/opt/arm-gnu-toolchain-13.3.rel1-x86_64-arm-none-eabi/bin/../lib/gcc/arm-none-eabi/13.3.1/../../../../arm-none-eabi/lib/thumb/v8-m.main+fp/hard/libg_nano.a(libc_a-strtol.o)
                              ./src/txcmd_thread_entry.o (strtol)
/opt/arm-gnu-toolchain-13.3.rel1-x86_64-arm-none-eabi/bin/../lib/gcc/arm-none-eabi/13.3.1/../../../../arm-none-eabi/lib/thumb/v8-m.main+fp/hard/libg_nano.a(libc_a-errno.o)
                              ./ra/fsp/src/bsp/mcu/all/bsp_sbrk.o (__errno)
/opt/arm-gnu-toolchain-13.3.rel1-x86_64-arm-none-eabi/bin/../lib/gcc/arm-none-eabi/13.3.1/../../../../arm-none-eabi/lib/thumb/v8-m.main+fp/hard/libg_nano.a(libc_a-init.o)
                              /opt/arm-gnu-toolchain-13.3.rel1-x86_64-arm-none-eabi/bin/../lib/gcc/arm-none-eabi/13.3.1/../../../../arm-none-eabi/lib/thumb/v8-m.main+fp/hard/rdimon-crt0.o (__libc_init_array)
/opt/arm-gnu-toolchain-13.3.rel1-x86_64-arm-none-eabi/bin/../lib/gcc/arm-none-eabi/13.3.1/../../../../arm-none-eabi/lib/thumb/v8-m.main+fp/hard/libg_nano.a(libc_a-memset.o)
                              /opt/arm-gnu-toolchain-13.3.rel1-x86_64-arm-none-eabi/bin/../lib/gcc/arm-none-eabi/13.3.1/../../../../arm-none-eabi/lib/thumb/v8-m.main+fp/hard/rdimon-crt0.o (memset)
/opt/arm-gnu-toolchain-13.3.rel1-x86_64-arm-none-eabi/bin/../lib/gcc/arm-none-eabi/13.3.1/../../../../arm-none-eabi/lib/thumb/v8-m.main+fp/hard/libg_nano.a(libc_a-strcasecmp.o)
                              ./src/sdio/sdio_cmd.o (strcasecmp)
/opt/arm-gnu-toolchain-13.3.rel1-x86_64-arm-none-eabi/bin/../lib/gcc/arm-none-eabi/13.3.1/../../../../arm-none-eabi/lib/thumb/v8-m.main+fp/hard/libg_nano.a(libc_a-strcat.o)
                              ./src/sdio/sdio_cmd.o (strcat)
/opt/arm-gnu-toolchain-13.3.rel1-x86_64-arm-none-eabi/bin/../lib/gcc/arm-none-eabi/13.3.1/../../../../arm-none-eabi/lib/thumb/v8-m.main+fp/hard/libg_nano.a(libc_a-strchr.o)
                              ./src/atcmd/at_cmd.o (strchr)
/opt/arm-gnu-toolchain-13.3.rel1-x86_64-arm-none-eabi/bin/../lib/gcc/arm-none-eabi/13.3.1/../../../../arm-none-eabi/lib/thumb/v8-m.main+fp/hard/libg_nano.a(libc_a-strncasecmp.o)
                              ./src/sdio/sdio_cmd.o (strncasecmp)
/opt/arm-gnu-toolchain-13.3.rel1-x86_64-arm-none-eabi/bin/../lib/gcc/arm-none-eabi/13.3.1/../../../../arm-none-eabi/lib/thumb/v8-m.main+fp/hard/libg_nano.a(libc_a-impure.o)
                              /opt/arm-gnu-toolchain-13.3.rel1-x86_64-arm-none-eabi/bin/../lib/gcc/arm-none-eabi/13.3.1/../../../../arm-none-eabi/lib/thumb/v8-m.main+fp/hard/libg_nano.a(libc_a-strtol.o) (_impure_ptr)
/opt/arm-gnu-toolchain-13.3.rel1-x86_64-arm-none-eabi/bin/../lib/gcc/arm-none-eabi/13.3.1/../../../../arm-none-eabi/lib/thumb/v8-m.main+fp/hard/libg_nano.a(libc_a-memcpy-stub.o)
                              ./src/sdio/sdio_cmd.o (memcpy)
/opt/arm-gnu-toolchain-13.3.rel1-x86_64-arm-none-eabi/bin/../lib/gcc/arm-none-eabi/13.3.1/../../../../arm-none-eabi/lib/thumb/v8-m.main+fp/hard/libg_nano.a(libc_a-strlen.o)
                              ./src/sdio/sdio_cmd.o (strlen)
/opt/arm-gnu-toolchain-13.3.rel1-x86_64-arm-none-eabi/bin/../lib/gcc/arm-none-eabi/13.3.1/../../../../arm-none-eabi/lib/thumb/v8-m.main+fp/hard/libg_nano.a(libc_a-findfp.o)
                              /opt/arm-gnu-toolchain-13.3.rel1-x86_64-arm-none-eabi/bin/../lib/gcc/arm-none-eabi/13.3.1/../../../../arm-none-eabi/lib/thumb/v8-m.main+fp/hard/libg_nano.a(libc_a-exit.o) (__stdio_exit_handler)
/opt/arm-gnu-toolchain-13.3.rel1-x86_64-arm-none-eabi/bin/../lib/gcc/arm-none-eabi/13.3.1/../../../../arm-none-eabi/lib/thumb/v8-m.main+fp/hard/libg_nano.a(libc_a-strncmp.o)
                              ./src/atcmd/at_cmd.o (strncmp)
[...]
Memory Configuration

Name             Origin             Length             Attributes
ITCM             0x00000000         0x00000000         xr
DTCM             0x00000000         0x00000000         xrw
FLASH            0x00000000         0x00100000         xr
RAM              0x20000000         0x00040000         xrw
DATA_FLASH       0x08000000         0x00002000         xr
QSPI_FLASH       0x60000000         0x04000000         xr
OSPI_DEVICE_0    0x68000000         0x08000000         xr
OSPI_DEVICE_1    0x70000000         0x10000000         xr
OSPI_DEVICE_0_RAM 0x68000000         0x08000000         xrw
OSPI_DEVICE_1_RAM 0x70000000         0x10000000         xrw
SDRAM            0x80010000         0x00000000         xrw
OPTION_SETTING   0x0100a100         0x00000100         r
OPTION_SETTING_OFS 0x0100a100         0x00000018         r
OPTION_SETTING_SAS 0x0100a134         0x000000cc         r
OPTION_SETTING_S 0x0100a200         0x00000100         r
ID_CODE          0x00000000         0x00000000         xr
*default*        0x00000000         0xffffffff

Linker script and memory map

LOAD /opt/arm-gnu-toolchain-13.3.rel1-x86_64-arm-none-eabi/bin/../lib/gcc/arm-none-eabi/13.3.1/thumb/v8-m.main+fp/hard/crti.o
LOAD /opt/arm-gnu-toolchain-13.3.rel1-x86_64-arm-none-eabi/bin/../lib/gcc/arm-none-eabi/13.3.1/thumb/v8-m.main+fp/hard/crtbegin.o
LOAD /opt/arm-gnu-toolchain-13.3.rel1-x86_64-arm-none-eabi/bin/../lib/gcc/arm-none-eabi/13.3.1/../../../../arm-none-eabi/lib/thumb/v8-m.main+fp/hard/rdimon-crt0.o
START GROUP
LOAD ./src/sdio/sdio_cmd.o
LOAD ./src/sdio/sdio_drv.o
LOAD ./src/atcmd/at_cmd.o
LOAD ./src/common_init.o
LOAD ./src/common_support.o
LOAD ./src/hal_entry.o
LOAD ./src/main_thread_entry.o
LOAD ./src/r_usb_pcdc_descriptor.o
LOAD ./src/rxcmd_thread_entry.o
LOAD ./src/system_monitor_entry.o
LOAD ./src/txcmd_thread_entry.o
LOAD ./src/usb_console_entry.o
LOAD ./src/usb_console_main.o
LOAD ./ra_gen/common_data.o
LOAD ./ra_gen/hal_data.o
LOAD ./ra_gen/main.o
LOAD ./ra_gen/main_thread.o
LOAD ./ra_gen/pin_data.o
LOAD ./ra_gen/rxcmd_thread.o
LOAD ./ra_gen/system_monitor.o
LOAD ./ra_gen/txcmd_thread.o
LOAD ./ra_gen/usb_console.o
LOAD ./ra_gen/vector_data.o
LOAD ./ra/fsp/src/rm_freertos_port/port.o
LOAD ./ra/fsp/src/r_usb_pcdc/src/r_usb_pcdc_driver.o
LOAD ./ra/fsp/src/r_usb_basic/src/hw/r_usb_creg_abs.o
LOAD ./ra/fsp/src/r_usb_basic/src/hw/r_usb_creg_access.o
LOAD ./ra/fsp/src/r_usb_basic/src/hw/r_usb_dma.o
LOAD ./ra/fsp/src/r_usb_basic/src/hw/r_usb_hostelectrical.o
LOAD ./ra/fsp/src/r_usb_basic/src/hw/r_usb_hreg_abs.o
LOAD ./ra/fsp/src/r_usb_basic/src/hw/r_usb_hreg_access.o
LOAD ./ra/fsp/src/r_usb_basic/src/hw/r_usb_mcu.o
LOAD ./ra/fsp/src/r_usb_basic/src/hw/r_usb_preg_abs.o
LOAD ./ra/fsp/src/r_usb_basic/src/hw/r_usb_preg_access.o
LOAD ./ra/fsp/src/r_usb_basic/src/driver/r_usb_cdataio.o
LOAD ./ra/fsp/src/r_usb_basic/src/driver/r_usb_clibusbip.o
LOAD ./ra/fsp/src/r_usb_basic/src/driver/r_usb_cstd_rtos.o
LOAD ./ra/fsp/src/r_usb_basic/src/driver/r_usb_hbc.o
LOAD ./ra/fsp/src/r_usb_basic/src/driver/r_usb_hcontrolrw.o
LOAD ./ra/fsp/src/r_usb_basic/src/driver/r_usb_hdriver.o
LOAD ./ra/fsp/src/r_usb_basic/src/driver/r_usb_hhubsys.o
LOAD ./ra/fsp/src/r_usb_basic/src/driver/r_usb_hintfifo.o
LOAD ./ra/fsp/src/r_usb_basic/src/driver/r_usb_hinthandler_usbip0.o
LOAD ./ra/fsp/src/r_usb_basic/src/driver/r_usb_hinthandler_usbip1.o
LOAD ./ra/fsp/src/r_usb_basic/src/driver/r_usb_hlibusbip.o
LOAD ./ra/fsp/src/r_usb_basic/src/driver/r_usb_hmanager.o
LOAD ./ra/fsp/src/r_usb_basic/src/driver/r_usb_hscheduler.o
LOAD ./ra/fsp/src/r_usb_basic/src/driver/r_usb_hsignal.o
LOAD ./ra/fsp/src/r_usb_basic/src/driver/r_usb_hstdfunction.o
LOAD ./ra/fsp/src/r_usb_basic/src/driver/r_usb_pbc.o
LOAD ./ra/fsp/src/r_usb_basic/src/driver/r_usb_pcontrolrw.o
LOAD ./ra/fsp/src/r_usb_basic/src/driver/r_usb_pdriver.o
LOAD ./ra/fsp/src/r_usb_basic/src/driver/r_usb_pintfifo.o
LOAD ./ra/fsp/src/r_usb_basic/src/driver/r_usb_pinthandler_usbip0.o
LOAD ./ra/fsp/src/r_usb_basic/src/driver/r_usb_plibusbip.o
LOAD ./ra/fsp/src/r_usb_basic/src/driver/r_usb_psignal.o
LOAD ./ra/fsp/src/r_usb_basic/src/driver/r_usb_pstdfunction.o
LOAD ./ra/fsp/src/r_usb_basic/src/driver/r_usb_pstdrequest.o
LOAD ./ra/fsp/src/r_usb_basic/r_usb_basic.o
LOAD ./ra/fsp/src/r_spi/r_spi.o
LOAD ./ra/fsp/src/r_sdhi/r_sdhi.o
LOAD ./ra/fsp/src/r_sci_uart/r_sci_uart.o
LOAD ./ra/fsp/src/r_ioport/r_ioport.o
LOAD ./ra/fsp/src/r_icu/r_icu.o
LOAD ./ra/fsp/src/r_dtc/r_dtc.o
LOAD ./ra/fsp/src/bsp/mcu/all/bsp_clocks.o
LOAD ./ra/fsp/src/bsp/mcu/all/bsp_common.o
LOAD ./ra/fsp/src/bsp/mcu/all/bsp_delay.o
LOAD ./ra/fsp/src/bsp/mcu/all/bsp_group_irq.o
LOAD ./ra/fsp/src/bsp/mcu/all/bsp_guard.o
LOAD ./ra/fsp/src/bsp/mcu/all/bsp_io.o
LOAD ./ra/fsp/src/bsp/mcu/all/bsp_irq.o
LOAD ./ra/fsp/src/bsp/mcu/all/bsp_macl.o
LOAD ./ra/fsp/src/bsp/mcu/all/bsp_register_protection.o
LOAD ./ra/fsp/src/bsp/mcu/all/bsp_rom_registers.o
LOAD ./ra/fsp/src/bsp/mcu/all/bsp_sbrk.o
LOAD ./ra/fsp/src/bsp/mcu/all/bsp_sdram.o
LOAD ./ra/fsp/src/bsp/mcu/all/bsp_security.o
LOAD ./ra/fsp/src/bsp/cmsis/Device/RENESAS/Source/startup.o
LOAD ./ra/fsp/src/bsp/cmsis/Device/RENESAS/Source/system.o
LOAD ./ra/board/ra6m4_ek/board_init.o
LOAD ./ra/board/ra6m4_ek/board_leds.o
LOAD ./ra/aws/FreeRTOS/FreeRTOS/Source/portable/MemMang/heap_4.o
LOAD ./ra/aws/FreeRTOS/FreeRTOS/Source/event_groups.o
LOAD ./ra/aws/FreeRTOS/FreeRTOS/Source/list.o
LOAD ./ra/aws/FreeRTOS/FreeRTOS/Source/queue.o
LOAD ./ra/aws/FreeRTOS/FreeRTOS/Source/stream_buffer.o
LOAD ./ra/aws/FreeRTOS/FreeRTOS/Source/tasks.o
LOAD ./ra/aws/FreeRTOS/FreeRTOS/Source/timers.o
END GROUP
START GROUP
LOAD /opt/arm-gnu-toolchain-13.3.rel1-x86_64-arm-none-eabi/bin/../lib/gcc/arm-none-eabi/13.3.1/thumb/v8-m.main+fp/hard/libgcc.a
LOAD /opt/arm-gnu-toolchain-13.3.rel1-x86_64-arm-none-eabi/bin/../lib/gcc/arm-none-eabi/13.3.1/../../../../arm-none-eabi/lib/thumb/v8-m.main+fp/hard/libg_nano.a
LOAD /opt/arm-gnu-toolchain-13.3.rel1-x86_64-arm-none-eabi/bin/../lib/gcc/arm-none-eabi/13.3.1/../../../../arm-none-eabi/lib/thumb/v8-m.main+fp/hard/libc_nano.a
END GROUP
START GROUP
LOAD /opt/arm-gnu-toolchain-13.3.rel1-x86_64-arm-none-eabi/bin/../lib/gcc/arm-none-eabi/13.3.1/thumb/v8-m.main+fp/hard/libgcc.a
LOAD /opt/arm-gnu-toolchain-13.3.rel1-x86_64-arm-none-eabi/bin/../lib/gcc/arm-none-eabi/13.3.1/../../../../arm-none-eabi/lib/thumb/v8-m.main+fp/hard/libc_nano.a
LOAD /opt/arm-gnu-toolchain-13.3.rel1-x86_64-arm-none-eabi/bin/../lib/gcc/arm-none-eabi/13.3.1/../../../../arm-none-eabi/lib/thumb/v8-m.main+fp/hard/librdimon_nano.a
END GROUP
START GROUP
LOAD /opt/arm-gnu-toolchain-13.3.rel1-x86_64-arm-none-eabi/bin/../lib/gcc/arm-none-eabi/13.3.1/thumb/v8-m.main+fp/hard/libgcc.a
LOAD /opt/arm-gnu-toolchain-13.3.rel1-x86_64-arm-none-eabi/bin/../lib/gcc/arm-none-eabi/13.3.1/../../../../arm-none-eabi/lib/thumb/v8-m.main+fp/hard/libc_nano.a
LOAD /opt/arm-gnu-toolchain-13.3.rel1-x86_64-arm-none-eabi/bin/../lib/gcc/arm-none-eabi/13.3.1/../../../../arm-none-eabi/lib/thumb/v8-m.main+fp/hard/librdimon_nano.a
END GROUP
LOAD /opt/arm-gnu-toolchain-13.3.rel1-x86_64-arm-none-eabi/bin/../lib/gcc/arm-none-eabi/13.3.1/thumb/v8-m.main+fp/hard/crtend.o
LOAD /opt/arm-gnu-toolchain-13.3.rel1-x86_64-arm-none-eabi/bin/../lib/gcc/arm-none-eabi/13.3.1/thumb/v8-m.main+fp/hard/crtn.o
                0x20000000                        RAM_START = 0x20000000
                0x00040000                        RAM_LENGTH = 0x40000
                0x00000000                        FLASH_START = 0x0
                0x00100000                        FLASH_LENGTH = 0x100000
                0x08000000                        DATA_FLASH_START = 0x8000000
                0x00002000                        DATA_FLASH_LENGTH = 0x2000
                0x0100a100                        OPTION_SETTING_START = 0x100a100
                0x00000100                        OPTION_SETTING_LENGTH = 0x100
                0x0100a200                        OPTION_SETTING_S_START = 0x100a200
                0x00000100                        OPTION_SETTING_S_LENGTH = 0x100
                0x00000000                        ID_CODE_START = 0x0
                0x00000000                        ID_CODE_LENGTH = 0x0
                0x80010000                        SDRAM_START = 0x80010000
                0x00000000                        SDRAM_LENGTH = 0x0
                0x60000000                        QSPI_FLASH_START = 0x60000000
                0x04000000                        QSPI_FLASH_LENGTH = 0x4000000
                0x68000000                        OSPI_DEVICE_0_START = 0x68000000
                0x08000000                        OSPI_DEVICE_0_LENGTH = 0x8000000
                0x70000000                        OSPI_DEVICE_1_START = 0x70000000
                0x10000000                        OSPI_DEVICE_1_LENGTH = 0x10000000
                0x04000000                        QSPI_FLASH_PRV_LENGTH = DEFINED (QSPI_FLASH_SIZE)?ABSOLUTE (QSPI_FLASH_SIZE):ABSOLUTE (QSPI_FLASH_LENGTH)
                0x08000000                        OSPI_DEVICE_0_PRV_LENGTH = DEFINED (OSPI_DEVICE_0_SIZE)?ABSOLUTE (OSPI_DEVICE_0_SIZE):ABSOLUTE (OSPI_DEVICE_0_LENGTH)
                0x10000000                        OSPI_DEVICE_1_PRV_LENGTH = DEFINED (OSPI_DEVICE_1_SIZE)?ABSOLUTE (OSPI_DEVICE_1_SIZE):ABSOLUTE (OSPI_DEVICE_1_LENGTH)
                0x00000000                        __RESERVE_NS_RAM = ((! (DEFINED (PROJECT_NONSECURE)) && DEFINED (RAM_NS_BUFFER_LENGTH)) && (OPTION_SETTING_S_LENGTH != 0x0))
                0x00000000                        ITCM_START = DEFINED (ITCM_START)?ITCM_START:0x0
                0x00000000                        ITCM_LENGTH = DEFINED (ITCM_LENGTH)?ITCM_LENGTH:0x0
                0x00000000                        DTCM_START = DEFINED (DTCM_START)?DTCM_START:0x0
                0x00000000                        DTCM_LENGTH = DEFINED (DTCM_LENGTH)?DTCM_LENGTH:0x0
                0x00000000                        RAM_NS_BUFFER_BLOCK_LENGTH = DEFINED (RAM_NS_BUFFER_LENGTH)?ALIGN (RAM_NS_BUFFER_LENGTH, 0x2000):0x0
                0x00000000                        RAM_NS_BUFFER_LENGTH = DEFINED (RAM_NS_BUFFER_LENGTH)?RAM_NS_BUFFER_LENGTH:0x0
                0x20040000                        RAM_NS_BUFFER_START = ((RAM_START + RAM_LENGTH) - RAM_NS_BUFFER_LENGTH)
                0x20040000                        RAM_NS_BUFFER_BLOCK_START = ((RAM_START + RAM_LENGTH) - RAM_NS_BUFFER_BLOCK_LENGTH)
                0x0100a180                        OPTION_SETTING_START_NS = DEFINED (PROJECT_NONSECURE)?OPTION_SETTING_START:(OPTION_SETTING_START + 0x80)
                0x00000001                        __bl_FSP_BOOTABLE_IMAGE = 0x1
                0x00000001                        __bln_FSP_BOOTABLE_IMAGE = 0x1
                0x00000001                        PROJECT_SECURE_OR_FLAT = (((! (DEFINED (PROJECT_NONSECURE)) || DEFINED (PROJECT_SECURE)) && OPTION_SETTING_LENGTH) && ! (DEFINED (FSP_BOOTABLE_IMAGE)))
                0x00000000                        USE_OPTION_SETTING_NS = (DEFINED (PROJECT_NONSECURE) && ! (DEFINED (FSP_BOOTABLE_IMAGE)))
                0x00000000                        __bl_FLASH_IMAGE_START = ! (DEFINED (FLASH_BOOTLOADER_LENGTH))?0x0:(FLASH_APPLICATION_IMAGE_NUMBER == 0x1)?((FLASH_START + FLASH_BOOTLOADER_LENGTH) + FLASH_BOOTLOADER_HEADER_LENGTH):(DEFINED (BOOTLOADER_SECONDARY_USE_QSPI) || DEFINED (BOOTLOADER_SECONDARY_USE_OSPI_B))?(((FLASH_START + FLASH_BOOTLOADER_LENGTH) + FLASH_BOOTLOADER_SCRATCH_LENGTH) + FLASH_BOOTLOADER_HEADER_LENGTH):((((FLASH_START + FLASH_BOOTLOADER_LENGTH) + FLASH_BOOTLOADER_SCRATCH_LENGTH) + FLASH_APPLICATION_S_LENGTH) + FLASH_BOOTLOADER_HEADER_LENGTH)
                0x00000000                        __bl_FLASH_IMAGE_LENGTH = ! (DEFINED (FLASH_BOOTLOADER_LENGTH))?0x0:(FLASH_APPLICATION_S_LENGTH - FLASH_BOOTLOADER_HEADER_LENGTH)
                0x00000000                        __bl_FLASH_IMAGE_END = (__bl_FLASH_IMAGE_START + __bl_FLASH_IMAGE_LENGTH)
                0x00000000                        __bl_XIP_SECONDARY_FLASH_IMAGE_START = ! (DEFINED (FLASH_BOOTLOADER_LENGTH))?0x0:(((FLASH_START + FLASH_BOOTLOADER_LENGTH) + FLASH_APPLICATION_S_LENGTH) + FLASH_BOOTLOADER_HEADER_LENGTH)
                0x00000000                        __bl_XIP_SECONDARY_FLASH_IMAGE_END = (__bl_XIP_SECONDARY_FLASH_IMAGE_START + __bl_FLASH_IMAGE_LENGTH)
                0x00000000                        __bl_FLASH_NS_START = ! (DEFINED (FLASH_BOOTLOADER_LENGTH))?0x0:(FLASH_APPLICATION_NS_LENGTH == 0x0)?__bl_FLASH_IMAGE_END:((__bl_FLASH_IMAGE_START - FLASH_BOOTLOADER_HEADER_LENGTH) + FLASH_APPLICATION_S_LENGTH)
                0x00000000                        __bl_FLASH_NSC_START = ! (DEFINED (FLASH_BOOTLOADER_LENGTH))?0x0:(FLASH_APPLICATION_NS_LENGTH == 0x0)?__bl_FLASH_IMAGE_END:(__bl_FLASH_IMAGE_END - FLASH_APPLICATION_NSC_LENGTH)
                0x00000000                        __bl_RAM_NS_START = ! (DEFINED (FLASH_BOOTLOADER_LENGTH))?0x0:(FLASH_APPLICATION_NS_LENGTH == 0x0)?(RAM_START + RAM_LENGTH):((RAM_START + RAM_LENGTH) - RAM_APPLICATION_NS_LENGTH)
                0x00000000                        __bl_RAM_NSC_START = ! (DEFINED (FLASH_BOOTLOADER_LENGTH))?0x0:(FLASH_APPLICATION_NS_LENGTH == 0x0)?(RAM_START + RAM_LENGTH):(__bl_RAM_NS_START - RAM_APPLICATION_NSC_LENGTH)
                0x00000000                        __bl_FLASH_NS_IMAGE_START = ! (DEFINED (FLASH_BOOTLOADER_LENGTH))?0x0:(FLASH_APPLICATION_NS_LENGTH == 0x0)?__bl_FLASH_IMAGE_END:(__bl_FLASH_NS_START + FLASH_BOOTLOADER_HEADER_LENGTH_2)
                0x00000000                        __bln_FLASH_IMAGE_START = (__bl_FLASH_NS_IMAGE_START | ! (DEFINED (NS_OFFSET_START))?0x0:NS_OFFSET_START)
                0x00000000                        __bln_FLASH_IMAGE_LENGTH = ! (DEFINED (FLASH_BOOTLOADER_LENGTH))?0x0:(FLASH_APPLICATION_NS_LENGTH == 0x0)?__bl_FLASH_IMAGE_END:(FLASH_APPLICATION_NS_LENGTH - FLASH_BOOTLOADER_HEADER_LENGTH_2)
                0x00000000                        XIP_SECONDARY_SLOT_IMAGE = DEFINED (XIP_SECONDARY_SLOT_IMAGE)?XIP_SECONDARY_SLOT_IMAGE:0x0
                0x00000000                        FLASH_ORIGIN = ! (DEFINED (FLASH_IMAGE_START))?FLASH_START:(XIP_SECONDARY_SLOT_IMAGE == 0x1)?XIP_SECONDARY_FLASH_IMAGE_START:FLASH_IMAGE_START
                0x00100000                        LIMITED_FLASH_LENGTH = DEFINED (FLASH_IMAGE_LENGTH)?FLASH_IMAGE_LENGTH:DEFINED (FLASH_BOOTLOADER_LENGTH)?FLASH_BOOTLOADER_LENGTH:FLASH_LENGTH
                0x00000034                        OPTION_SETTING_SAS_SIZE = 0x34
                0x000000cc                        OPTION_SETTING_SAS_LENGTH = ! (DEFINED (OPTION_SETTING_LENGTH))?0x0:(OPTION_SETTING_LENGTH == 0x0)?0x0:(OPTION_SETTING_LENGTH - OPTION_SETTING_SAS_SIZE)
START GROUP
LOAD /opt/arm-gnu-toolchain-13.3.rel1-x86_64-arm-none-eabi/bin/../lib/gcc/arm-none-eabi/13.3.1/thumb/v8-m.main+fp/hard/libgcc.a
LOAD /opt/arm-gnu-toolchain-13.3.rel1-x86_64-arm-none-eabi/bin/../lib/gcc/arm-none-eabi/13.3.1/../../../../arm-none-eabi/lib/thumb/v8-m.main+fp/hard/libc.a
LOAD /opt/arm-gnu-toolchain-13.3.rel1-x86_64-arm-none-eabi/bin/../lib/gcc/arm-none-eabi/13.3.1/../../../../arm-none-eabi/lib/thumb/v8-m.main+fp/hard/libm.a
END GROUP

.text           0x00000000     0xdd50
                0x00000000                        __tz_FLASH_S = ABSOLUTE (FLASH_START)
                0x00000000                        __ROM_Start = .
 *(.fixed_vectors*)
 .fixed_vectors
                0x00000000       0x40 ./ra/fsp/src/bsp/cmsis/Device/RENESAS/Source/startup.o
                0x00000000                __Vectors
 *(.application_vectors*)
 .application_vectors
                0x00000040      0x180 ./ra_gen/vector_data.o
                0x00000040                g_vector_table
                0x000001c0                        __Vectors_End = .
 *(.flash_gap*)
                0x000001c0                        . = (OPTION_SETTING_LENGTH > 0x0)?.:(__ROM_Start + 0x400)
 *(.rom_registers*)
 *(.mcuboot_sce9_key*)
 *(.text*)
 .text.deregister_tm_clones
                0x000001c0       0x1c /opt/arm-gnu-toolchain-13.3.rel1-x86_64-arm-none-eabi/bin/../lib/gcc/arm-none-eabi/13.3.1/thumb/v8-m.main+fp/hard/crtbegin.o
 .text.register_tm_clones
                0x000001dc       0x28 /opt/arm-gnu-toolchain-13.3.rel1-x86_64-arm-none-eabi/bin/../lib/gcc/arm-none-eabi/13.3.1/thumb/v8-m.main+fp/hard/crtbegin.o
 .text.__do_global_dtors_aux
                0x00000204       0x28 /opt/arm-gnu-toolchain-13.3.rel1-x86_64-arm-none-eabi/bin/../lib/gcc/arm-none-eabi/13.3.1/thumb/v8-m.main+fp/hard/crtbegin.o
 .text.frame_dummy
                0x0000022c       0x24 /opt/arm-gnu-toolchain-13.3.rel1-x86_64-arm-none-eabi/bin/../lib/gcc/arm-none-eabi/13.3.1/thumb/v8-m.main+fp/hard/crtbegin.o
 .text.SdioTxWorkerTask
                0x00000250      0x210 ./src/sdio/sdio_cmd.o
                0x00000250                SdioTxWorkerTask
 .text.SDIO_cmd_init
                0x00000460       0x7c ./src/sdio/sdio_cmd.o
                0x00000460                SDIO_cmd_init
 .text.SDIO_Write_To_DA16xxx
                0x000004dc       0x84 ./src/sdio/sdio_cmd.o
                0x000004dc                SDIO_Write_To_DA16xxx
 .text.Received_SDIO_Data_From_DA16xxx
                0x00000560      0x150 ./src/sdio/sdio_cmd.o
                0x00000560                Received_SDIO_Data_From_DA16xxx
 .text.Transfer_ATCmd_To_SDIO
                0x000006b0      0x410 ./src/sdio/sdio_cmd.o
                0x000006b0                Transfer_ATCmd_To_SDIO
 .text.user_sdio_transfer_callback
                0x00000ac0       0x18 ./src/sdio/sdio_drv.o
                0x00000ac0                user_sdio_transfer_callback
 .text.sdio_read_ext
                0x00000ad8       0xc4 ./src/sdio/sdio_drv.o
                0x00000ad8                sdio_read_ext
 .text.sdio_write_ext
                0x00000b9c       0xbc ./src/sdio/sdio_drv.o
                0x00000b9c                sdio_write_ext
 .text.sdio_initialize
                0x00000c58      0x1e8 ./src/sdio/sdio_drv.o
                0x00000c58                sdio_initialize
 .text.get_sdhi_init_status
                0x00000e40       0x2c ./src/sdio/sdio_drv.o
                0x00000e40                get_sdhi_init_status
 .text.init_drv_sdio
                0x00000e6c       0xbc ./src/sdio/sdio_drv.o
                0x00000e6c                init_drv_sdio
 .text.PRINTF   0x00000f28       0x3c ./src/atcmd/at_cmd.o
                0x00000f28                PRINTF
 .text.PRINTF_ATCMD
                0x00000f64       0x4c ./src/atcmd/at_cmd.o
                0x00000f64                PRINTF_ATCMD
 .text.aws_iot_atcmd_stm_it
                0x00000fb0      0x280 ./src/atcmd/at_cmd.o
                0x00000fb0                aws_iot_atcmd_stm_it
 .text.PRINTF_ATCMD_WAITRES
                0x00001230       0x5c ./src/atcmd/at_cmd.o
                0x00001230                PRINTF_ATCMD_WAITRES
 .text.PRINTF_ATCMD_PUT
                0x0000128c        0x4 ./src/atcmd/at_cmd.o
                0x0000128c                PRINTF_ATCMD_PUT
 .text.wake_up_wifi
                0x00001290       0x2c ./src/atcmd/at_cmd.o
                0x00001290                wake_up_wifi
 .text.blink_auto_LED
                0x000012bc       0x2c ./src/atcmd/at_cmd.o
                0x000012bc                blink_auto_LED
 .text.set_dev_status
                0x000012e8        0xc ./src/atcmd/at_cmd.o
                0x000012e8                set_dev_status
 .text.get_device_status
                0x000012f4       0x24 ./src/atcmd/at_cmd.o
                0x000012f4                get_device_status
 .text.fast_crc_nbit_lookup
                0x00001318       0x98 ./src/atcmd/at_cmd.o
                0x00001318                fast_crc_nbit_lookup
 .text.atcmd_ota_image_check
                0x000013b0       0xf4 ./src/atcmd/at_cmd.o
                0x000013b0                atcmd_ota_image_check
 .text.atcmd_ota_set
                0x000014a4      0x128 ./src/atcmd/at_cmd.o
                0x000014a4                atcmd_ota_set
 .text.command_parser
                0x000015cc      0x330 ./src/atcmd/at_cmd.o
                0x000015cc                command_parser
 .text.atcmd_config_set
                0x000018fc       0x58 ./src/atcmd/at_cmd.o
                0x000018fc                atcmd_config_set
 .text.atcmd_certificate
                0x00001954       0x9c ./src/atcmd/at_cmd.o
                0x00001954                atcmd_certificate
 .text.ath_timer_reset
                0x000019f0       0x10 ./src/atcmd/at_cmd.o
                0x000019f0                ath_timer_reset
 .text.common_init
                0x00001a00       0x30 ./src/common_init.o
                0x00001a00                common_init
 .text.RemoveCRLF
                0x00001a30       0x24 ./src/common_support.o
                0x00001a30                RemoveCRLF
 .text.make_argv
                0x00001a54       0x70 ./src/common_support.o
                0x00001a54                make_argv
 .text.AnalyzeCommand
                0x00001ac4        0x4 ./src/common_support.o
                0x00001ac4                AnalyzeCommand
 .text.R_BSP_WarmStart
                0x00001ac8       0x18 ./src/hal_entry.o
                0x00001ac8                R_BSP_WarmStart
 .text.read_temperature
                0x00001ae0       0x2c ./src/main_thread_entry.o
                0x00001ae0                read_temperature
 .text.main_thread_entry
                0x00001b0c      0x470 ./src/main_thread_entry.o
                0x00001b0c                main_thread_entry
 .text.rxcmd_thread_entry
                0x00001f7c       0x64 ./src/rxcmd_thread_entry.o
                0x00001f7c                rxcmd_thread_entry
 .text.button_irq10_callback
                0x00001fe0       0x4c ./src/rxcmd_thread_entry.o
                0x00001fe0                button_irq10_callback
 .text.external_irq0_callback
                0x0000202c       0x4c ./src/rxcmd_thread_entry.o
                0x0000202c                external_irq0_callback
 .text.external_irq09_callback
                0x00002078       0x50 ./src/rxcmd_thread_entry.o
                0x00002078                external_irq09_callback
 .text.system_monitor_entry
                0x000020c8       0xcc ./src/system_monitor_entry.o
                0x000020c8                system_monitor_entry
 .text.check_end
                0x00002194       0xb8 ./src/txcmd_thread_entry.o
                0x00002194                check_end
 .text.txcmd_thread_entry
                0x0000224c      0x204 ./src/txcmd_thread_entry.o
                0x0000224c                txcmd_thread_entry
 .text.usb_console_entry
                0x00002450       0x10 ./src/usb_console_entry.o
                0x00002450                usb_console_entry
 .text.rtos_callback
                0x00002460       0x80 ./src/usb_console_main.o
                0x00002460                rtos_callback
 .text.usb_console_main
                0x000024e0      0x324 ./src/usb_console_main.o
                0x000024e0                usb_console_main
 .text.print_to_console
                0x00002804       0x58 ./src/usb_console_main.o
                0x00002804                print_to_console
 .text.g_common_init
                0x0000285c       0x50 ./ra_gen/common_data.o
                0x0000285c                g_common_init
 .text.g_hal_init
                0x000028ac        0x4 ./ra_gen/hal_data.o
                0x000028ac                g_hal_init
 .text.rtos_startup_err_callback_internal
                0x000028b0        0x4 ./ra_gen/main.o
                0x000028b0                rtos_startup_err_callback_internal
                0x000028b0                rtos_startup_err_callback
 .text.rtos_startup_common_init
                0x000028b4       0x68 ./ra_gen/main.o
                0x000028b4                rtos_startup_common_init
 .text.startup.main
                0x0000291c       0x54 ./ra_gen/main.o
                0x0000291c                main
 .text.vApplicationGetIdleTaskMemory
                0x00002970       0x1c ./ra_gen/main.o
                0x00002970                vApplicationGetIdleTaskMemory
 .text.vApplicationGetTimerTaskMemory
                0x0000298c       0x1c ./ra_gen/main.o
                0x0000298c                vApplicationGetTimerTaskMemory
 .text.main_thread_func
                0x000029a8       0x14 ./ra_gen/main_thread.o
 .text.main_thread_create
                0x000029bc       0x58 ./ra_gen/main_thread.o
                0x000029bc                main_thread_create
 .text.rxcmd_thread_func
                0x00002a14       0x14 ./ra_gen/rxcmd_thread.o
 .text.rxcmd_thread_create
                0x00002a28       0x58 ./ra_gen/rxcmd_thread.o
                0x00002a28                rxcmd_thread_create
 .text.system_monitor_func
                0x00002a80       0x14 ./ra_gen/system_monitor.o
 .text.system_monitor_create
                0x00002a94       0x58 ./ra_gen/system_monitor.o
                0x00002a94                system_monitor_create
 .text.txcmd_thread_func
                0x00002aec       0x14 ./ra_gen/txcmd_thread.o
 .text.txcmd_thread_create
                0x00002b00       0x58 ./ra_gen/txcmd_thread.o
                0x00002b00                txcmd_thread_create
 .text.usb_console_func
                0x00002b58       0x14 ./ra_gen/usb_console.o
 .text.usb_console_create
                0x00002b6c       0x58 ./ra_gen/usb_console.o
                0x00002b6c                usb_console_create
 .text.prvTaskExitError
                0x00002bc4        0x4 ./ra/fsp/src/rm_freertos_port/port.o
 .text.SVC_Handler
                0x00002bc8       0x18 ./ra/fsp/src/rm_freertos_port/port.o
                0x00002bc8                SVC_Handler
 .text.PendSV_Handler
                0x00002be0       0x44 ./ra/fsp/src/rm_freertos_port/port.o
                0x00002be0                PendSV_Handler
 .text.rm_freertos_port_restore_task_stackless
                0x00002c24       0x24 ./ra/fsp/src/rm_freertos_port/port.o
                0x00002c24                rm_freertos_port_restore_task_stackless
 .text.SysTick_Handler
                0x00002c48       0x24 ./ra/fsp/src/rm_freertos_port/port.o
                0x00002c48                SysTick_Handler
 .text.vPortSVCHandler_C
                0x00002c6c       0x34 ./ra/fsp/src/rm_freertos_port/port.o
                0x00002c6c                vPortSVCHandler_C
 .text.pxPortInitialiseStack
                0x00002ca0       0x34 ./ra/fsp/src/rm_freertos_port/port.o
                0x00002ca0                pxPortInitialiseStack
 .text.vPortEnterCritical
                0x00002cd4       0x50 ./ra/fsp/src/rm_freertos_port/port.o
                0x00002cd4                vPortEnterCritical
 .text.vPortExitCritical
                0x00002d24       0x3c ./ra/fsp/src/rm_freertos_port/port.o
                0x00002d24                vPortExitCritical
 .text.vPortSetupTimerInterrupt
                0x00002d60       0x44 ./ra/fsp/src/rm_freertos_port/port.o
                0x00002d60                vPortSetupTimerInterrupt
 .text.xPortStartScheduler
                0x00002da4       0x3c ./ra/fsp/src/rm_freertos_port/port.o
                0x00002da4                xPortStartScheduler
 .text.vPortValidateInterruptPriority
                0x00002de0       0x5c ./ra/fsp/src/rm_freertos_port/port.o
                0x00002de0                vPortValidateInterruptPriority
 .text.usb_pcdc_read_complete
                0x00002e3c       0x6c ./ra/fsp/src/r_usb_pcdc/src/r_usb_pcdc_driver.o
                0x00002e3c                usb_pcdc_read_complete
 .text.usb_pcdc_write_complete
                0x00002ea8       0x60 ./ra/fsp/src/r_usb_pcdc/src/r_usb_pcdc_driver.o
                0x00002ea8                usb_pcdc_write_complete
 .text.usb_cstd_get_buf_size
                0x00002f08       0x30 ./ra/fsp/src/r_usb_basic/src/hw/r_usb_creg_abs.o
                0x00002f08                usb_cstd_get_buf_size
 .text.usb_cstd_pipe_init
                0x00002f38      0x150 ./ra/fsp/src/r_usb_basic/src/hw/r_usb_creg_abs.o
                0x00002f38                usb_cstd_pipe_init
 .text.usb_cstd_clr_pipe_cnfg
                0x00003088       0xdc ./ra/fsp/src/r_usb_basic/src/hw/r_usb_creg_abs.o
                0x00003088                usb_cstd_clr_pipe_cnfg
 .text.usb_cstd_set_nak
                0x00003164       0x2c ./ra/fsp/src/r_usb_basic/src/hw/r_usb_creg_abs.o
                0x00003164                usb_cstd_set_nak
 .text.usb_cstd_is_set_frdy
                0x00003190       0x5c ./ra/fsp/src/r_usb_basic/src/hw/r_usb_creg_abs.o
                0x00003190                usb_cstd_is_set_frdy
 .text.usb_cstd_chg_curpipe
                0x000031ec       0x2c ./ra/fsp/src/r_usb_basic/src/hw/r_usb_creg_abs.o
                0x000031ec                usb_cstd_chg_curpipe
 .text.usb_cstd_set_transaction_counter
                0x00003218       0x24 ./ra/fsp/src/r_usb_basic/src/hw/r_usb_creg_abs.o
                0x00003218                usb_cstd_set_transaction_counter
 .text.usb_cstd_clr_transaction_counter
                0x0000323c       0x18 ./ra/fsp/src/r_usb_basic/src/hw/r_usb_creg_abs.o
                0x0000323c                usb_cstd_clr_transaction_counter
 .text.hw_usb_read_syscfg
                0x00003254       0x34 ./ra/fsp/src/r_usb_basic/src/hw/r_usb_creg_access.o
                0x00003254                hw_usb_read_syscfg
 .text.hw_usb_read_syssts
                0x00003288       0x34 ./ra/fsp/src/r_usb_basic/src/hw/r_usb_creg_access.o
                0x00003288                hw_usb_read_syssts
 .text.hw_usb_read_dvstctr
                0x000032bc       0x34 ./ra/fsp/src/r_usb_basic/src/hw/r_usb_creg_access.o
                0x000032bc                hw_usb_read_dvstctr
 .text.hw_usb_read_fifo16
                0x000032f0       0x34 ./ra/fsp/src/r_usb_basic/src/hw/r_usb_creg_access.o
                0x000032f0                hw_usb_read_fifo16
 .text.hw_usb_write_fifo16
                0x00003324       0x3c ./ra/fsp/src/r_usb_basic/src/hw/r_usb_creg_access.o
                0x00003324                hw_usb_write_fifo16
 .text.hw_usb_write_fifo8
                0x00003360       0x3c ./ra/fsp/src/r_usb_basic/src/hw/r_usb_creg_access.o
                0x00003360                hw_usb_write_fifo8
 .text.hw_usb_read_fifosel
                0x0000339c       0x6c ./ra/fsp/src/r_usb_basic/src/hw/r_usb_creg_access.o
                0x0000339c                hw_usb_read_fifosel
 .text.hw_usb_rmw_fifosel
                0x00003408       0x7c ./ra/fsp/src/r_usb_basic/src/hw/r_usb_creg_access.o
                0x00003408                hw_usb_rmw_fifosel
 .text.hw_usb_set_mbw
                0x00003484       0x8c ./ra/fsp/src/r_usb_basic/src/hw/r_usb_creg_access.o
                0x00003484                hw_usb_set_mbw
 .text.hw_usb_read_fifoctr
                0x00003510       0x6c ./ra/fsp/src/r_usb_basic/src/hw/r_usb_creg_access.o
                0x00003510                hw_usb_read_fifoctr
 .text.hw_usb_set_bval
                0x0000357c       0x74 ./ra/fsp/src/r_usb_basic/src/hw/r_usb_creg_access.o
                0x0000357c                hw_usb_set_bval
 .text.hw_usb_set_bclr
                0x000035f0       0x74 ./ra/fsp/src/r_usb_basic/src/hw/r_usb_creg_access.o
                0x000035f0                hw_usb_set_bclr
 .text.hw_usb_set_brdyenb
                0x00003664       0x40 ./ra/fsp/src/r_usb_basic/src/hw/r_usb_creg_access.o
                0x00003664                hw_usb_set_brdyenb
 .text.hw_usb_clear_brdyenb
                0x000036a4       0x3c ./ra/fsp/src/r_usb_basic/src/hw/r_usb_creg_access.o
                0x000036a4                hw_usb_clear_brdyenb
 .text.hw_usb_set_nrdyenb
                0x000036e0       0x40 ./ra/fsp/src/r_usb_basic/src/hw/r_usb_creg_access.o
                0x000036e0                hw_usb_set_nrdyenb
 .text.hw_usb_clear_nrdyenb
                0x00003720       0x3c ./ra/fsp/src/r_usb_basic/src/hw/r_usb_creg_access.o
                0x00003720                hw_usb_clear_nrdyenb
 .text.hw_usb_set_bempenb
                0x0000375c       0x40 ./ra/fsp/src/r_usb_basic/src/hw/r_usb_creg_access.o
                0x0000375c                hw_usb_set_bempenb
 .text.hw_usb_clear_bempenb
                0x0000379c       0x3c ./ra/fsp/src/r_usb_basic/src/hw/r_usb_creg_access.o
                0x0000379c                hw_usb_clear_bempenb
 .text.hw_usb_read_intsts
                0x000037d8       0x20 ./ra/fsp/src/r_usb_basic/src/hw/r_usb_creg_access.o
                0x000037d8                hw_usb_read_intsts
 .text.hw_usb_clear_sts_brdy
                0x000037f8       0x3c ./ra/fsp/src/r_usb_basic/src/hw/r_usb_creg_access.o
                0x000037f8                hw_usb_clear_sts_brdy
 .text.hw_usb_clear_status_nrdy
                0x00003834       0x3c ./ra/fsp/src/r_usb_basic/src/hw/r_usb_creg_access.o
                0x00003834                hw_usb_clear_status_nrdy
 .text.hw_usb_clear_status_bemp
                0x00003870       0x3c ./ra/fsp/src/r_usb_basic/src/hw/r_usb_creg_access.o
                0x00003870                hw_usb_clear_status_bemp
 .text.hw_usb_read_frmnum
                0x000038ac       0x38 ./ra/fsp/src/r_usb_basic/src/hw/r_usb_creg_access.o
                0x000038ac                hw_usb_read_frmnum
 .text.hw_usb_read_usbreq
                0x000038e4       0x20 ./ra/fsp/src/r_usb_basic/src/hw/r_usb_creg_access.o
                0x000038e4                hw_usb_read_usbreq
 .text.hw_usb_read_usbval
                0x00003904       0x20 ./ra/fsp/src/r_usb_basic/src/hw/r_usb_creg_access.o
                0x00003904                hw_usb_read_usbval
 .text.hw_usb_read_usbindx
                0x00003924       0x20 ./ra/fsp/src/r_usb_basic/src/hw/r_usb_creg_access.o
                0x00003924                hw_usb_read_usbindx
 .text.hw_usb_read_usbleng
                0x00003944       0x20 ./ra/fsp/src/r_usb_basic/src/hw/r_usb_creg_access.o
                0x00003944                hw_usb_read_usbleng
 .text.hw_usb_read_dcpcfg
                0x00003964       0x38 ./ra/fsp/src/r_usb_basic/src/hw/r_usb_creg_access.o
                0x00003964                hw_usb_read_dcpcfg
 .text.hw_usb_write_dcpcfg
                0x0000399c       0x30 ./ra/fsp/src/r_usb_basic/src/hw/r_usb_creg_access.o
                0x0000399c                hw_usb_write_dcpcfg
 .text.hw_usb_read_dcpmaxp
                0x000039cc       0x38 ./ra/fsp/src/r_usb_basic/src/hw/r_usb_creg_access.o
                0x000039cc                hw_usb_read_dcpmaxp
 .text.hw_usb_write_dcpmxps
                0x00003a04       0x30 ./ra/fsp/src/r_usb_basic/src/hw/r_usb_creg_access.o
                0x00003a04                hw_usb_write_dcpmxps
 .text.hw_usb_read_dcpctr
                0x00003a34       0x20 ./ra/fsp/src/r_usb_basic/src/hw/r_usb_creg_access.o
                0x00003a34                hw_usb_read_dcpctr
 .text.hw_usb_write_pipesel
                0x00003a54       0x30 ./ra/fsp/src/r_usb_basic/src/hw/r_usb_creg_access.o
                0x00003a54                hw_usb_write_pipesel
 .text.hw_usb_read_pipecfg
                0x00003a84       0x38 ./ra/fsp/src/r_usb_basic/src/hw/r_usb_creg_access.o
                0x00003a84                hw_usb_read_pipecfg
 .text.hw_usb_write_pipecfg
                0x00003abc       0x30 ./ra/fsp/src/r_usb_basic/src/hw/r_usb_creg_access.o
                0x00003abc                hw_usb_write_pipecfg
 .text.hw_usb_read_pipemaxp
                0x00003aec       0x38 ./ra/fsp/src/r_usb_basic/src/hw/r_usb_creg_access.o
                0x00003aec                hw_usb_read_pipemaxp
 .text.hw_usb_write_pipemaxp
                0x00003b24       0x30 ./ra/fsp/src/r_usb_basic/src/hw/r_usb_creg_access.o
                0x00003b24                hw_usb_write_pipemaxp
 .text.hw_usb_write_pipeperi
                0x00003b54       0x30 ./ra/fsp/src/r_usb_basic/src/hw/r_usb_creg_access.o
                0x00003b54                hw_usb_write_pipeperi
 .text.hw_usb_read_pipectr
                0x00003b84       0x68 ./ra/fsp/src/r_usb_basic/src/hw/r_usb_creg_access.o
                0x00003b84                hw_usb_read_pipectr
 .text.hw_usb_set_csclr
                0x00003bec       0x38 ./ra/fsp/src/r_usb_basic/src/hw/r_usb_creg_access.o
                0x00003bec                hw_usb_set_csclr
 .text.hw_usb_set_aclrm
                0x00003c24       0x44 ./ra/fsp/src/r_usb_basic/src/hw/r_usb_creg_access.o
                0x00003c24                hw_usb_set_aclrm
 .text.hw_usb_clear_aclrm
                0x00003c68       0x3c ./ra/fsp/src/r_usb_basic/src/hw/r_usb_creg_access.o
                0x00003c68                hw_usb_clear_aclrm
 .text.hw_usb_set_sqclr
                0x00003ca4       0x74 ./ra/fsp/src/r_usb_basic/src/hw/r_usb_creg_access.o
                0x00003ca4                hw_usb_set_sqclr
 .text.hw_usb_set_pid
                0x00003d18       0x58 ./ra/fsp/src/r_usb_basic/src/hw/r_usb_creg_access.o
                0x00003d18                hw_usb_set_pid
 .text.hw_usb_clear_pid
                0x00003d70       0x50 ./ra/fsp/src/r_usb_basic/src/hw/r_usb_creg_access.o
                0x00003d70                hw_usb_clear_pid
 .text.hw_usb_set_trenb
                0x00003dc0       0x3c ./ra/fsp/src/r_usb_basic/src/hw/r_usb_creg_access.o
                0x00003dc0                hw_usb_set_trenb
 .text.hw_usb_clear_trenb
                0x00003dfc       0x3c ./ra/fsp/src/r_usb_basic/src/hw/r_usb_creg_access.o
                0x00003dfc                hw_usb_clear_trenb
 .text.hw_usb_set_trclr
                0x00003e38       0x3c ./ra/fsp/src/r_usb_basic/src/hw/r_usb_creg_access.o
                0x00003e38                hw_usb_set_trclr
 .text.hw_usb_write_pipetrn
                0x00003e74       0x34 ./ra/fsp/src/r_usb_basic/src/hw/r_usb_creg_access.o
                0x00003e74                hw_usb_write_pipetrn
 .text.hw_usb_set_suspendm
                0x00003ea8        0x4 ./ra/fsp/src/r_usb_basic/src/hw/r_usb_creg_access.o
                0x00003ea8                hw_usb_set_suspendm
 .text.hw_usb_clear_suspm
                0x00003eac        0x4 ./ra/fsp/src/r_usb_basic/src/hw/r_usb_creg_access.o
                0x00003eac                hw_usb_clear_suspm
 .text.usb_module_start
                0x00003eb0       0x34 ./ra/fsp/src/r_usb_basic/src/hw/r_usb_mcu.o
                0x00003eb0                usb_module_start
 .text.usb_cpu_usbint_init
                0x00003ee4       0xe4 ./ra/fsp/src/r_usb_basic/src/hw/r_usb_mcu.o
                0x00003ee4                usb_cpu_usbint_init
 .text.usb_cpu_delay_1us
                0x00003fc8        0x8 ./ra/fsp/src/r_usb_basic/src/hw/r_usb_mcu.o
                0x00003fc8                usb_cpu_delay_1us
 .text.usb_cpu_delay_xms
                0x00003fd0        0x4 ./ra/fsp/src/r_usb_basic/src/hw/r_usb_mcu.o
                0x00003fd0                usb_cpu_delay_xms
 .text.usbfs_interrupt_handler
                0x00003fd4       0x34 ./ra/fsp/src/r_usb_basic/src/hw/r_usb_mcu.o
                0x00003fd4                usbfs_interrupt_handler
 .text.usbfs_resume_handler
                0x00004008       0x34 ./ra/fsp/src/r_usb_basic/src/hw/r_usb_mcu.o
                0x00004008                usbfs_resume_handler
 .text.usbfs_d0fifo_handler
                0x0000403c       0x24 ./ra/fsp/src/r_usb_basic/src/hw/r_usb_mcu.o
                0x0000403c                usbfs_d0fifo_handler
 .text.usbfs_d1fifo_handler
                0x00004060       0x24 ./ra/fsp/src/r_usb_basic/src/hw/r_usb_mcu.o
                0x00004060                usbfs_d1fifo_handler
 .text.usb_pstd_interrupt_handler
                0x00004084      0x1fc ./ra/fsp/src/r_usb_basic/src/hw/r_usb_preg_abs.o
                0x00004084                usb_pstd_interrupt_handler
 .text.usb_pstd_save_request
                0x00004280       0x48 ./ra/fsp/src/r_usb_basic/src/hw/r_usb_preg_abs.o
                0x00004280                usb_pstd_save_request
 .text.usb_pstd_chk_configured
                0x000042c8       0x1c ./ra/fsp/src/r_usb_basic/src/hw/r_usb_preg_abs.o
                0x000042c8                usb_pstd_chk_configured
 .text.usb_pstd_remote_wakeup
                0x000042e4       0x48 ./ra/fsp/src/r_usb_basic/src/hw/r_usb_preg_abs.o
                0x000042e4                usb_pstd_remote_wakeup
 .text.usb_pstd_test_mode
                0x0000432c        0x4 ./ra/fsp/src/r_usb_basic/src/hw/r_usb_preg_abs.o
                0x0000432c                usb_pstd_test_mode
 .text.usb_pstd_resume_process
                0x00004330       0x18 ./ra/fsp/src/r_usb_basic/src/hw/r_usb_preg_abs.o
                0x00004330                usb_pstd_resume_process
 .text.usb_pstd_set_stall
                0x00004348        0xc ./ra/fsp/src/r_usb_basic/src/hw/r_usb_preg_abs.o
                0x00004348                usb_pstd_set_stall
 .text.usb_pstd_set_stall_pipe0
                0x00004354        0x8 ./ra/fsp/src/r_usb_basic/src/hw/r_usb_preg_abs.o
                0x00004354                usb_pstd_set_stall_pipe0
 .text.usb_pstd_write_fifo
                0x0000435c       0x5c ./ra/fsp/src/r_usb_basic/src/hw/r_usb_preg_abs.o
                0x0000435c                usb_pstd_write_fifo
 .text.usb_pstd_read_fifo
                0x000043b8       0x48 ./ra/fsp/src/r_usb_basic/src/hw/r_usb_preg_abs.o
                0x000043b8                usb_pstd_read_fifo
 .text.usb_pstd_forced_termination
                0x00004400       0xb4 ./ra/fsp/src/r_usb_basic/src/hw/r_usb_preg_abs.o
                0x00004400                usb_pstd_forced_termination
 .text.usb_pstd_interrupt_clock
                0x000044b4       0x20 ./ra/fsp/src/r_usb_basic/src/hw/r_usb_preg_abs.o
                0x000044b4                usb_pstd_interrupt_clock
 .text.usb_pstd_self_clock
                0x000044d4       0x20 ./ra/fsp/src/r_usb_basic/src/hw/r_usb_preg_abs.o
                0x000044d4                usb_pstd_self_clock
 .text.usb_pstd_stop_clock
                0x000044f4       0x10 ./ra/fsp/src/r_usb_basic/src/hw/r_usb_preg_abs.o
                0x000044f4                usb_pstd_stop_clock
 .text.hw_usb_pset_dprpu
                0x00004504       0x28 ./ra/fsp/src/r_usb_basic/src/hw/r_usb_preg_access.o
                0x00004504                hw_usb_pset_dprpu
 .text.hw_usb_pclear_dprpu
                0x0000452c       0x20 ./ra/fsp/src/r_usb_basic/src/hw/r_usb_preg_access.o
                0x0000452c                hw_usb_pclear_dprpu
 .text.hw_usb_pset_wkup
                0x0000454c       0x28 ./ra/fsp/src/r_usb_basic/src/hw/r_usb_preg_access.o
                0x0000454c                hw_usb_pset_wkup
 .text.hw_usb_pset_enb_rsme
                0x00004574       0x28 ./ra/fsp/src/r_usb_basic/src/hw/r_usb_preg_access.o
                0x00004574                hw_usb_pset_enb_rsme
 .text.hw_usb_pclear_enb_rsme
                0x0000459c       0x20 ./ra/fsp/src/r_usb_basic/src/hw/r_usb_preg_access.o
                0x0000459c                hw_usb_pclear_enb_rsme
 .text.hw_usb_pclear_sts_resm
                0x000045bc       0x20 ./ra/fsp/src/r_usb_basic/src/hw/r_usb_preg_access.o
                0x000045bc                hw_usb_pclear_sts_resm
 .text.hw_usb_pclear_sts_valid
                0x000045dc       0x20 ./ra/fsp/src/r_usb_basic/src/hw/r_usb_preg_access.o
                0x000045dc                hw_usb_pclear_sts_valid
 .text.hw_usb_pset_ccpl
                0x000045fc       0x30 ./ra/fsp/src/r_usb_basic/src/hw/r_usb_preg_access.o
                0x000045fc                hw_usb_pset_ccpl
 .text.hw_usb_pmodule_init
                0x0000462c       0x40 ./ra/fsp/src/r_usb_basic/src/hw/r_usb_preg_access.o
                0x0000462c                hw_usb_pmodule_init
 .text.hw_usb_pcontrol_dcpctr_pid
                0x0000466c       0x3c ./ra/fsp/src/r_usb_basic/src/hw/r_usb_preg_access.o
                0x0000466c                hw_usb_pcontrol_dcpctr_pid
 .text.usb_ctrl_read
                0x000046a8       0x50 ./ra/fsp/src/r_usb_basic/src/driver/r_usb_cdataio.o
                0x000046a8                usb_ctrl_read
 .text.usb_ctrl_write
                0x000046f8       0x94 ./ra/fsp/src/r_usb_basic/src/driver/r_usb_cdataio.o
                0x000046f8                usb_ctrl_write
 .text.usb_data_read
                0x0000478c       0x44 ./ra/fsp/src/r_usb_basic/src/driver/r_usb_cdataio.o
                0x0000478c                usb_data_read
 .text.usb_data_write
                0x000047d0       0x68 ./ra/fsp/src/r_usb_basic/src/driver/r_usb_cdataio.o
                0x000047d0                usb_data_write
 .text.usb_cstd_nrdy_enable
                0x00004838        0xc ./ra/fsp/src/r_usb_basic/src/driver/r_usb_clibusbip.o
                0x00004838                usb_cstd_nrdy_enable
 .text.usb_cstd_get_pid
                0x00004844       0x14 ./ra/fsp/src/r_usb_basic/src/driver/r_usb_clibusbip.o
                0x00004844                usb_cstd_get_pid
 .text.usb_cstd_get_maxpacket_size
                0x00004858       0x28 ./ra/fsp/src/r_usb_basic/src/driver/r_usb_clibusbip.o
                0x00004858                usb_cstd_get_maxpacket_size
 .text.usb_cstd_get_pipe_dir
                0x00004880       0x1c ./ra/fsp/src/r_usb_basic/src/driver/r_usb_clibusbip.o
                0x00004880                usb_cstd_get_pipe_dir
 .text.usb_cstd_get_pipe_type
                0x0000489c       0x1c ./ra/fsp/src/r_usb_basic/src/driver/r_usb_clibusbip.o
                0x0000489c                usb_cstd_get_pipe_type
 .text.usb_cstd_do_aclrm
                0x000048b8       0x1c ./ra/fsp/src/r_usb_basic/src/driver/r_usb_clibusbip.o
                0x000048b8                usb_cstd_do_aclrm
 .text.usb_cstd_set_buf
                0x000048d4        0xc ./ra/fsp/src/r_usb_basic/src/driver/r_usb_clibusbip.o
                0x000048d4                usb_cstd_set_buf
 .text.usb_cstd_clr_stall
                0x000048e0       0x20 ./ra/fsp/src/r_usb_basic/src/driver/r_usb_clibusbip.o
                0x000048e0                usb_cstd_clr_stall
 .text.usb_cstd_port_speed
                0x00004900       0x18 ./ra/fsp/src/r_usb_basic/src/driver/r_usb_clibusbip.o
                0x00004900                usb_cstd_port_speed
 .text.usb_set_event
                0x00004918       0xf4 ./ra/fsp/src/r_usb_basic/src/driver/r_usb_clibusbip.o
                0x00004918                usb_set_event
 .text.usb_rtos_configuration
                0x00004a0c       0x98 ./ra/fsp/src/r_usb_basic/src/driver/r_usb_cstd_rtos.o
                0x00004a0c                usb_rtos_configuration
 .text.usb_cstd_rec_msg
                0x00004aa4       0x3c ./ra/fsp/src/r_usb_basic/src/driver/r_usb_cstd_rtos.o
                0x00004aa4                usb_cstd_rec_msg
 .text.usb_cstd_snd_msg
                0x00004ae0       0x34 ./ra/fsp/src/r_usb_basic/src/driver/r_usb_cstd_rtos.o
                0x00004ae0                usb_cstd_snd_msg
 .text.usb_cstd_isnd_msg
                0x00004b14       0x4c ./ra/fsp/src/r_usb_basic/src/driver/r_usb_cstd_rtos.o
                0x00004b14                usb_cstd_isnd_msg
 .text.usb_cstd_pipe_msg_clear
                0x00004b60       0x40 ./ra/fsp/src/r_usb_basic/src/driver/r_usb_cstd_rtos.o
                0x00004b60                usb_cstd_pipe_msg_clear
 .text.usb_cstd_pipe0_msg_clear
                0x00004ba0       0x40 ./ra/fsp/src/r_usb_basic/src/driver/r_usb_cstd_rtos.o
                0x00004ba0                usb_cstd_pipe0_msg_clear
 .text.usb_cstd_pipe_msg_re_forward
                0x00004be0       0x64 ./ra/fsp/src/r_usb_basic/src/driver/r_usb_cstd_rtos.o
                0x00004be0                usb_cstd_pipe_msg_re_forward
 .text.usb_cstd_pipe_msg_forward
                0x00004c44       0x34 ./ra/fsp/src/r_usb_basic/src/driver/r_usb_cstd_rtos.o
                0x00004c44                usb_cstd_pipe_msg_forward
 .text.usb_pstd_ctrl_read
                0x00004c78       0x88 ./ra/fsp/src/r_usb_basic/src/driver/r_usb_pcontrolrw.o
                0x00004c78                usb_pstd_ctrl_read
 .text.usb_pstd_ctrl_write
                0x00004d00       0x54 ./ra/fsp/src/r_usb_basic/src/driver/r_usb_pcontrolrw.o
                0x00004d00                usb_pstd_ctrl_write
 .text.usb_pstd_ctrl_end
                0x00004d54       0x78 ./ra/fsp/src/r_usb_basic/src/driver/r_usb_pcontrolrw.o
                0x00004d54                usb_pstd_ctrl_end
 .text.usb_peri_configured
                0x00004dcc       0x2c ./ra/fsp/src/r_usb_basic/src/driver/r_usb_pdriver.o
                0x00004dcc                usb_peri_configured
 .text.usb_peri_suspended
                0x00004df8       0x1c ./ra/fsp/src/r_usb_basic/src/driver/r_usb_pdriver.o
                0x00004df8                usb_peri_suspended
 .text.usb_peri_resume
                0x00004e14       0x20 ./ra/fsp/src/r_usb_basic/src/driver/r_usb_pdriver.o
                0x00004e14                usb_peri_resume
 .text.usb_peri_interface
                0x00004e34        0x4 ./ra/fsp/src/r_usb_basic/src/driver/r_usb_pdriver.o
                0x00004e34                usb_peri_interface
 .text.usb_peri_detach
                0x00004e38       0x2c ./ra/fsp/src/r_usb_basic/src/driver/r_usb_pdriver.o
                0x00004e38                usb_peri_detach
 .text.usb_pstd_set_submitutr
                0x00004e64       0x58 ./ra/fsp/src/r_usb_basic/src/driver/r_usb_pdriver.o
                0x00004e64                usb_pstd_set_submitutr
 .text.usb_pstd_pcd_task
                0x00004ebc      0x22c ./ra/fsp/src/r_usb_basic/src/driver/r_usb_pdriver.o
                0x00004ebc                usb_pstd_pcd_task
 .text.usb_pstd_clr_mem
                0x000050e8       0x28 ./ra/fsp/src/r_usb_basic/src/driver/r_usb_pdriver.o
                0x000050e8                usb_pstd_clr_mem
 .text.usb_pstd_set_config_num
                0x00005110       0x1c ./ra/fsp/src/r_usb_basic/src/driver/r_usb_pdriver.o
                0x00005110                usb_pstd_set_config_num
 .text.usb_pstd_clr_eptbl_index
                0x0000512c       0x20 ./ra/fsp/src/r_usb_basic/src/driver/r_usb_pdriver.o
                0x0000512c                usb_pstd_clr_eptbl_index
 .text.usb_pstd_get_interface_num
                0x0000514c        0xc ./ra/fsp/src/r_usb_basic/src/driver/r_usb_pdriver.o
                0x0000514c                usb_pstd_get_interface_num
 .text.usb_pstd_get_alternate_num
                0x00005158       0x48 ./ra/fsp/src/r_usb_basic/src/driver/r_usb_pdriver.o
                0x00005158                usb_pstd_get_alternate_num
 .text.usb_pstd_set_eptbl_index
                0x000051a0       0xa8 ./ra/fsp/src/r_usb_basic/src/driver/r_usb_pdriver.o
                0x000051a0                usb_pstd_set_eptbl_index
 .text.usb_pstd_chk_remote
                0x00005248       0x1c ./ra/fsp/src/r_usb_basic/src/driver/r_usb_pdriver.o
                0x00005248                usb_pstd_chk_remote
 .text.usb_pstd_get_current_power
                0x00005264       0x10 ./ra/fsp/src/r_usb_basic/src/driver/r_usb_pdriver.o
                0x00005264                usb_pstd_get_current_power
 .text.usb_pstd_fifo_to_buf
                0x00005274       0x70 ./ra/fsp/src/r_usb_basic/src/driver/r_usb_pdriver.o
                0x00005274                usb_pstd_fifo_to_buf
 .text.usb_pstd_buf_to_fifo
                0x000052e4       0x70 ./ra/fsp/src/r_usb_basic/src/driver/r_usb_pdriver.o
                0x000052e4                usb_pstd_buf_to_fifo
 .text.usb_pstd_transfer_start
                0x00005354       0x4c ./ra/fsp/src/r_usb_basic/src/driver/r_usb_pdriver.o
                0x00005354                usb_pstd_transfer_start
 .text.usb_peri_registration
                0x000053a0       0x70 ./ra/fsp/src/r_usb_basic/src/driver/r_usb_pdriver.o
                0x000053a0                usb_peri_registration
 .text.usb_peri_pipe_info
                0x00005410       0x6c ./ra/fsp/src/r_usb_basic/src/driver/r_usb_pdriver.o
                0x00005410                usb_peri_pipe_info
 .text.usb_peri_devdefault
                0x0000547c       0xac ./ra/fsp/src/r_usb_basic/src/driver/r_usb_pdriver.o
                0x0000547c                usb_peri_devdefault
 .text.usb_pstd_brdy_pipe
                0x00005528       0x60 ./ra/fsp/src/r_usb_basic/src/driver/r_usb_pintfifo.o
                0x00005528                usb_pstd_brdy_pipe
 .text.usb_pstd_nrdy_pipe
                0x00005588        0xc ./ra/fsp/src/r_usb_basic/src/driver/r_usb_pintfifo.o
                0x00005588                usb_pstd_nrdy_pipe
 .text.usb_pstd_bemp_pipe
                0x00005594       0x48 ./ra/fsp/src/r_usb_basic/src/driver/r_usb_pintfifo.o
                0x00005594                usb_pstd_bemp_pipe
 .text.usb_pstd_usb_handler
                0x000055dc       0x70 ./ra/fsp/src/r_usb_basic/src/driver/r_usb_pinthandler_usbip0.o
                0x000055dc                usb_pstd_usb_handler
 .text.usb_pstd_data_end.part.0
                0x0000564c       0x88 ./ra/fsp/src/r_usb_basic/src/driver/r_usb_plibusbip.o
 .text.usb_pstd_epadr2pipe
                0x000056d4       0x48 ./ra/fsp/src/r_usb_basic/src/driver/r_usb_plibusbip.o
                0x000056d4                usb_pstd_epadr2pipe
 .text.usb_pstd_pipe2fport
                0x0000571c        0x4 ./ra/fsp/src/r_usb_basic/src/driver/r_usb_plibusbip.o
                0x0000571c                usb_pstd_pipe2fport
 .text.usb_pstd_hi_speed_enable
                0x00005720        0xc ./ra/fsp/src/r_usb_basic/src/driver/r_usb_plibusbip.o
                0x00005720                usb_pstd_hi_speed_enable
 .text.usb_pstd_send_start
                0x0000572c       0x5c ./ra/fsp/src/r_usb_basic/src/driver/r_usb_plibusbip.o
                0x0000572c                usb_pstd_send_start
 .text.usb_pstd_write_data
                0x00005788      0x10c ./ra/fsp/src/r_usb_basic/src/driver/r_usb_plibusbip.o
                0x00005788                usb_pstd_write_data
 .text.usb_pstd_receive_start
                0x00005894       0x88 ./ra/fsp/src/r_usb_basic/src/driver/r_usb_plibusbip.o
                0x00005894                usb_pstd_receive_start
 .text.usb_pstd_read_data
                0x0000591c       0xfc ./ra/fsp/src/r_usb_basic/src/driver/r_usb_plibusbip.o
                0x0000591c                usb_pstd_read_data
 .text.usb_pstd_data_end
                0x00005a18        0xc ./ra/fsp/src/r_usb_basic/src/driver/r_usb_plibusbip.o
                0x00005a18                usb_pstd_data_end
 .text.usb_pstd_brdy_pipe_process
                0x00005a24       0x64 ./ra/fsp/src/r_usb_basic/src/driver/r_usb_plibusbip.o
                0x00005a24                usb_pstd_brdy_pipe_process
 .text.usb_pstd_nrdy_pipe_process
                0x00005a88       0x58 ./ra/fsp/src/r_usb_basic/src/driver/r_usb_plibusbip.o
                0x00005a88                usb_pstd_nrdy_pipe_process
 .text.usb_pstd_bemp_pipe_process
                0x00005ae0       0xe0 ./ra/fsp/src/r_usb_basic/src/driver/r_usb_plibusbip.o
                0x00005ae0                usb_pstd_bemp_pipe_process
 .text.usb_pstd_set_pipe_table
                0x00005bc0       0xcc ./ra/fsp/src/r_usb_basic/src/driver/r_usb_plibusbip.o
                0x00005bc0                usb_pstd_set_pipe_table
 .text.usb_pstd_clr_pipe_table
                0x00005c8c       0x3c ./ra/fsp/src/r_usb_basic/src/driver/r_usb_plibusbip.o
                0x00005c8c                usb_pstd_clr_pipe_table
 .text.usb_pstd_set_pipe_reg
                0x00005cc8       0xa0 ./ra/fsp/src/r_usb_basic/src/driver/r_usb_plibusbip.o
                0x00005cc8                usb_pstd_set_pipe_reg
 .text.usb_pstd_clr_pipe_reg
                0x00005d68       0x3c ./ra/fsp/src/r_usb_basic/src/driver/r_usb_plibusbip.o
                0x00005d68                usb_pstd_clr_pipe_reg
 .text.usb_pstd_bus_reset
                0x00005da4       0x3c ./ra/fsp/src/r_usb_basic/src/driver/r_usb_psignal.o
                0x00005da4                usb_pstd_bus_reset
 .text.usb_pstd_attach_process
                0x00005de0       0x18 ./ra/fsp/src/r_usb_basic/src/driver/r_usb_psignal.o
                0x00005de0                usb_pstd_attach_process
 .text.usb_pstd_detach_process
                0x00005df8       0x80 ./ra/fsp/src/r_usb_basic/src/driver/r_usb_psignal.o
                0x00005df8                usb_pstd_detach_process
 .text.usb_pstd_suspend_process
                0x00005e78       0x68 ./ra/fsp/src/r_usb_basic/src/driver/r_usb_psignal.o
                0x00005e78                usb_pstd_suspend_process
 .text.usb_pstd_set_feature_function
                0x00005ee0        0x4 ./ra/fsp/src/r_usb_basic/src/driver/r_usb_pstdfunction.o
                0x00005ee0                usb_pstd_set_feature_function
 .text.usb_pstd_chk_vbsts
                0x00005ee4       0x40 ./ra/fsp/src/r_usb_basic/src/driver/r_usb_pstdfunction.o
                0x00005ee4                usb_pstd_chk_vbsts
 .text.usb_pstd_busreset_function
                0x00005f24        0x4 ./ra/fsp/src/r_usb_basic/src/driver/r_usb_pstdfunction.o
                0x00005f24                usb_pstd_busreset_function
 .text.usb_pstd_suspend_function
                0x00005f28        0x4 ./ra/fsp/src/r_usb_basic/src/driver/r_usb_pstdfunction.o
                0x00005f28                usb_pstd_suspend_function
 .text.usb_pdriver_init
                0x00005f2c       0xf4 ./ra/fsp/src/r_usb_basic/src/driver/r_usb_pstdfunction.o
                0x00005f2c                usb_pdriver_init
 .text.usb_pstd_stand_req0
                0x00006020       0x80 ./ra/fsp/src/r_usb_basic/src/driver/r_usb_pstdrequest.o
                0x00006020                usb_pstd_stand_req0
 .text.usb_pstd_stand_req1
                0x000060a0      0x294 ./ra/fsp/src/r_usb_basic/src/driver/r_usb_pstdrequest.o
                0x000060a0                usb_pstd_stand_req1
 .text.usb_pstd_stand_req2
                0x00006334        0x4 ./ra/fsp/src/r_usb_basic/src/driver/r_usb_pstdrequest.o
                0x00006334                usb_pstd_stand_req2
 .text.usb_pstd_stand_req3
                0x00006338      0x340 ./ra/fsp/src/r_usb_basic/src/driver/r_usb_pstdrequest.o
                0x00006338                usb_pstd_stand_req3
 .text.usb_pstd_stand_req4
                0x00006678       0xc4 ./ra/fsp/src/r_usb_basic/src/driver/r_usb_pstdrequest.o
                0x00006678                usb_pstd_stand_req4
 .text.usb_pstd_stand_req5
                0x0000673c       0xa8 ./ra/fsp/src/r_usb_basic/src/driver/r_usb_pstdrequest.o
                0x0000673c                usb_pstd_stand_req5
 .text.usb_peri_class_request_rss
                0x000067e4       0x54 ./ra/fsp/src/r_usb_basic/src/driver/r_usb_pstdrequest.o
                0x000067e4                usb_peri_class_request_rss
 .text.usb_peri_class_request_wss
                0x00006838       0x60 ./ra/fsp/src/r_usb_basic/src/driver/r_usb_pstdrequest.o
                0x00006838                usb_peri_class_request_wss
 .text.usb_peri_class_request
                0x00006898       0xf0 ./ra/fsp/src/r_usb_basic/src/driver/r_usb_pstdrequest.o
                0x00006898                usb_peri_class_request
 .text.R_USB_ModuleNumberGet
                0x00006988        0xc ./ra/fsp/src/r_usb_basic/r_usb_basic.o
                0x00006988                R_USB_ModuleNumberGet
 .text.R_USB_ClassTypeGet
                0x00006994       0x10 ./ra/fsp/src/r_usb_basic/r_usb_basic.o
                0x00006994                R_USB_ClassTypeGet
 .text.R_USB_SetupGet
                0x000069a4       0x10 ./ra/fsp/src/r_usb_basic/r_usb_basic.o
                0x000069a4                R_USB_SetupGet
 .text.R_USB_Open
                0x000069b4       0xf4 ./ra/fsp/src/r_usb_basic/r_usb_basic.o
                0x000069b4                R_USB_Open
 .text.R_USB_InfoGet
                0x00006aa8       0xb4 ./ra/fsp/src/r_usb_basic/r_usb_basic.o
                0x00006aa8                R_USB_InfoGet
 .text.R_USB_Read
                0x00006b5c       0x54 ./ra/fsp/src/r_usb_basic/r_usb_basic.o
                0x00006b5c                R_USB_Read
 .text.R_USB_Write
                0x00006bb0       0x54 ./ra/fsp/src/r_usb_basic/r_usb_basic.o
                0x00006bb0                R_USB_Write
 .text.R_USB_PeriControlDataGet
                0x00006c04       0x44 ./ra/fsp/src/r_usb_basic/r_usb_basic.o
                0x00006c04                R_USB_PeriControlDataGet
 .text.R_USB_PeriControlDataSet
                0x00006c48       0x44 ./ra/fsp/src/r_usb_basic/r_usb_basic.o
                0x00006c48                R_USB_PeriControlDataSet
 .text.R_USB_PeriControlStatusSet
                0x00006c8c       0x30 ./ra/fsp/src/r_usb_basic/r_usb_basic.o
                0x00006c8c                R_USB_PeriControlStatusSet
 .text.r_spi_call_callback
                0x00006cbc       0x40 ./ra/fsp/src/r_spi/r_spi.o
 .text.spi_rxi_isr
                0x00006cfc       0x9c ./ra/fsp/src/r_spi/r_spi.o
                0x00006cfc                spi_rxi_isr
 .text.spi_txi_isr
                0x00006d98       0xd8 ./ra/fsp/src/r_spi/r_spi.o
                0x00006d98                spi_txi_isr
 .text.spi_tei_isr
                0x00006e70       0xe8 ./ra/fsp/src/r_spi/r_spi.o
                0x00006e70                spi_tei_isr
 .text.spi_eri_isr
                0x00006f58       0xec ./ra/fsp/src/r_spi/r_spi.o
                0x00006f58                spi_eri_isr
 .text.R_SDHI_IoIntEnable
                0x00007044       0x2c ./ra/fsp/src/r_sdhi/r_sdhi.o
                0x00007044                R_SDHI_IoIntEnable
 .text.R_SDHI_StatusGet
                0x00007070       0x30 ./ra/fsp/src/r_sdhi/r_sdhi.o
                0x00007070                R_SDHI_StatusGet
 .text.R_SDHI_CallbackSet
                0x000070a0       0x10 ./ra/fsp/src/r_sdhi/r_sdhi.o
                0x000070a0                R_SDHI_CallbackSet
 .text.r_sdhi_max_clock_rate_set
                0x000070b0       0x7c ./ra/fsp/src/r_sdhi/r_sdhi.o
 .text.r_sdhi_transfer_read
                0x0000712c       0x48 ./ra/fsp/src/r_sdhi/r_sdhi.o
 .text.r_sdhi_transfer_write
                0x00007174       0x44 ./ra/fsp/src/r_sdhi/r_sdhi.o
 .text.r_sdhi_call_callback
                0x000071b8       0x4c ./ra/fsp/src/r_sdhi/r_sdhi.o
 .text.R_SDHI_Open
                0x00007204      0x1f4 ./ra/fsp/src/r_sdhi/r_sdhi.o
                0x00007204                R_SDHI_Open
 .text.r_sdhi_command_send
                0x000073f8       0xac ./ra/fsp/src/r_sdhi/r_sdhi.o
 .text.R_SDHI_ReadIo
                0x000074a4       0x4c ./ra/fsp/src/r_sdhi/r_sdhi.o
                0x000074a4                R_SDHI_ReadIo
 .text.R_SDHI_WriteIo
                0x000074f0       0x5c ./ra/fsp/src/r_sdhi/r_sdhi.o
                0x000074f0                R_SDHI_WriteIo
 .text.R_SDHI_Close
                0x0000754c       0xcc ./ra/fsp/src/r_sdhi/r_sdhi.o
                0x0000754c                R_SDHI_Close
 .text.R_SDHI_Read
                0x00007618       0x88 ./ra/fsp/src/r_sdhi/r_sdhi.o
                0x00007618                R_SDHI_Read
 .text.R_SDHI_WriteIoExt
                0x000076a0       0xf8 ./ra/fsp/src/r_sdhi/r_sdhi.o
                0x000076a0                R_SDHI_WriteIoExt
 .text.R_SDHI_Write
                0x00007798       0x9c ./ra/fsp/src/r_sdhi/r_sdhi.o
                0x00007798                R_SDHI_Write
 .text.R_SDHI_ReadIoExt
                0x00007834       0xe8 ./ra/fsp/src/r_sdhi/r_sdhi.o
                0x00007834                R_SDHI_ReadIoExt
 .text.R_SDHI_Erase
                0x0000791c       0x8c ./ra/fsp/src/r_sdhi/r_sdhi.o
                0x0000791c                R_SDHI_Erase
 .text.R_SDHI_MediaInit
                0x000079a8      0x468 ./ra/fsp/src/r_sdhi/r_sdhi.o
                0x000079a8                R_SDHI_MediaInit
 .text.sdhimmc_accs_isr
                0x00007e10      0x134 ./ra/fsp/src/r_sdhi/r_sdhi.o
                0x00007e10                sdhimmc_accs_isr
 .text.sdhimmc_card_isr
                0x00007f44       0x74 ./ra/fsp/src/r_sdhi/r_sdhi.o
                0x00007f44                sdhimmc_card_isr
 .text.sdhimmc_dma_req_isr
                0x00007fb8       0x24 ./ra/fsp/src/r_sdhi/r_sdhi.o
                0x00007fb8                sdhimmc_dma_req_isr
 .text.r_sci_uart_call_callback
                0x00007fdc       0x44 ./ra/fsp/src/r_sci_uart/r_sci_uart.o
 .text.sci_uart_txi_isr
                0x00008020       0x9c ./ra/fsp/src/r_sci_uart/r_sci_uart.o
                0x00008020                sci_uart_txi_isr
 .text.sci_uart_rxi_isr
                0x000080bc       0x90 ./ra/fsp/src/r_sci_uart/r_sci_uart.o
                0x000080bc                sci_uart_rxi_isr
 .text.sci_uart_tei_isr
                0x0000814c       0x48 ./ra/fsp/src/r_sci_uart/r_sci_uart.o
                0x0000814c                sci_uart_tei_isr
 .text.sci_uart_eri_isr
                0x00008194       0x78 ./ra/fsp/src/r_sci_uart/r_sci_uart.o
                0x00008194                sci_uart_eri_isr
 .text.R_IOPORT_Close
                0x0000820c        0xc ./ra/fsp/src/r_ioport/r_ioport.o
                0x0000820c                R_IOPORT_Close
 .text.R_IOPORT_PinRead
                0x00008218       0x24 ./ra/fsp/src/r_ioport/r_ioport.o
                0x00008218                R_IOPORT_PinRead
 .text.R_IOPORT_PortRead
                0x0000823c       0x14 ./ra/fsp/src/r_ioport/r_ioport.o
                0x0000823c                R_IOPORT_PortRead
 .text.R_IOPORT_PortWrite
                0x00008250       0x1c ./ra/fsp/src/r_ioport/r_ioport.o
                0x00008250                R_IOPORT_PortWrite
 .text.R_IOPORT_PinWrite
                0x0000826c       0x20 ./ra/fsp/src/r_ioport/r_ioport.o
                0x0000826c                R_IOPORT_PinWrite
 .text.R_IOPORT_PortDirectionSet
                0x0000828c       0x2c ./ra/fsp/src/r_ioport/r_ioport.o
                0x0000828c                R_IOPORT_PortDirectionSet
 .text.R_IOPORT_PortEventInputRead
                0x000082b8       0x18 ./ra/fsp/src/r_ioport/r_ioport.o
                0x000082b8                R_IOPORT_PortEventInputRead
 .text.R_IOPORT_PinEventInputRead
                0x000082d0       0x34 ./ra/fsp/src/r_ioport/r_ioport.o
                0x000082d0                R_IOPORT_PinEventInputRead
 .text.R_IOPORT_PortEventOutputWrite
                0x00008304       0x1c ./ra/fsp/src/r_ioport/r_ioport.o
                0x00008304                R_IOPORT_PortEventOutputWrite
 .text.R_IOPORT_PinEventOutputWrite
                0x00008320       0x34 ./ra/fsp/src/r_ioport/r_ioport.o
                0x00008320                R_IOPORT_PinEventOutputWrite
 .text.bsp_vbatt_init
                0x00008354       0x9c ./ra/fsp/src/r_ioport/r_ioport.o
 .text.r_ioport_pins_config
                0x000083f0       0xac ./ra/fsp/src/r_ioport/r_ioport.o
 .text.R_IOPORT_Open
                0x0000849c       0x14 ./ra/fsp/src/r_ioport/r_ioport.o
                0x0000849c                R_IOPORT_Open
 .text.R_IOPORT_PinsCfg
                0x000084b0        0xc ./ra/fsp/src/r_ioport/r_ioport.o
                0x000084b0                R_IOPORT_PinsCfg
 .text.R_IOPORT_PinCfg
                0x000084bc       0xa8 ./ra/fsp/src/r_ioport/r_ioport.o
                0x000084bc                R_IOPORT_PinCfg
 .text.R_ICU_ExternalIrqOpen
                0x00008564       0x84 ./ra/fsp/src/r_icu/r_icu.o
                0x00008564                R_ICU_ExternalIrqOpen
 .text.R_ICU_ExternalIrqEnable
                0x000085e8       0x44 ./ra/fsp/src/r_icu/r_icu.o
                0x000085e8                R_ICU_ExternalIrqEnable
 .text.R_ICU_ExternalIrqDisable
                0x0000862c       0x30 ./ra/fsp/src/r_icu/r_icu.o
                0x0000862c                R_ICU_ExternalIrqDisable
 .text.R_ICU_ExternalIrqCallbackSet
                0x0000865c        0xc ./ra/fsp/src/r_icu/r_icu.o
                0x0000865c                R_ICU_ExternalIrqCallbackSet
 .text.R_ICU_ExternalIrqClose
                0x00008668       0x4c ./ra/fsp/src/r_icu/r_icu.o
                0x00008668                R_ICU_ExternalIrqClose
 .text.r_icu_isr
                0x000086b4       0x74 ./ra/fsp/src/r_icu/r_icu.o
                0x000086b4                r_icu_isr
 .text.R_DTC_Reset
                0x00008728       0x84 ./ra/fsp/src/r_dtc/r_dtc.o
                0x00008728                R_DTC_Reset
 .text.R_DTC_SoftwareStart
                0x000087ac        0x4 ./ra/fsp/src/r_dtc/r_dtc.o
                0x000087ac                R_DTC_SoftwareStart
 .text.R_DTC_SoftwareStop
                0x000087b0        0x4 ./ra/fsp/src/r_dtc/r_dtc.o
                0x000087b0                R_DTC_SoftwareStop
 .text.R_DTC_Enable
                0x000087b4       0x20 ./ra/fsp/src/r_dtc/r_dtc.o
                0x000087b4                R_DTC_Enable
 .text.R_DTC_Disable
                0x000087d4       0x20 ./ra/fsp/src/r_dtc/r_dtc.o
                0x000087d4                R_DTC_Disable
 .text.R_DTC_InfoGet
                0x000087f4       0x5c ./ra/fsp/src/r_dtc/r_dtc.o
                0x000087f4                R_DTC_InfoGet
 .text.R_DTC_Reload
                0x00008850        0x4 ./ra/fsp/src/r_dtc/r_dtc.o
                0x00008850                R_DTC_Reload
 .text.R_DTC_CallbackSet
                0x00008854        0x4 ./ra/fsp/src/r_dtc/r_dtc.o
                0x00008854                R_DTC_CallbackSet
 .text.R_DTC_Close
                0x00008858       0x30 ./ra/fsp/src/r_dtc/r_dtc.o
                0x00008858                R_DTC_Close
 .text.R_DTC_Reconfigure
                0x00008888       0x74 ./ra/fsp/src/r_dtc/r_dtc.o
                0x00008888                R_DTC_Reconfigure
 .text.R_DTC_Open
                0x000088fc       0xb0 ./ra/fsp/src/r_dtc/r_dtc.o
                0x000088fc                R_DTC_Open
 .text.SystemCoreClockUpdate
                0x000089ac       0x28 ./ra/fsp/src/bsp/mcu/all/bsp_clocks.o
                0x000089ac                SystemCoreClockUpdate
 .text.R_BSP_SubClockStabilizeWaitAfterReset
                0x000089d4        0x4 ./ra/fsp/src/bsp/mcu/all/bsp_clocks.o
                0x000089d4                R_BSP_SubClockStabilizeWaitAfterReset
 .text.bsp_clock_init
                0x000089d8      0x1a0 ./ra/fsp/src/bsp/mcu/all/bsp_clocks.o
                0x000089d8                bsp_clock_init
 .text.R_BSP_Init_RTC
                0x00008b78       0x68 ./ra/fsp/src/bsp/mcu/all/bsp_clocks.o
                0x00008b78                R_BSP_Init_RTC
 .text.__assert_func
                0x00008be0        0x4 ./ra/fsp/src/bsp/mcu/all/bsp_common.o
                0x00008be0                __assert_func
 .text.bsp_prv_software_delay_loop
                0x00008be4        0xc ./ra/fsp/src/bsp/mcu/all/bsp_delay.o
                0x00008be4                bsp_prv_software_delay_loop
 .text.R_BSP_SoftwareDelay
                0x00008bf0       0x58 ./ra/fsp/src/bsp/mcu/all/bsp_delay.o
                0x00008bf0                R_BSP_SoftwareDelay
 .text.NMI_Handler
                0x00008c48       0x3c ./ra/fsp/src/bsp/mcu/all/bsp_group_irq.o
                0x00008c48                NMI_Handler
 .text.bsp_irq_cfg
                0x00008c84       0xa4 ./ra/fsp/src/bsp/mcu/all/bsp_irq.o
                0x00008c84                bsp_irq_cfg
 .text.R_BSP_RegisterProtectEnable
                0x00008d28       0x60 ./ra/fsp/src/bsp/mcu/all/bsp_register_protection.o
                0x00008d28                R_BSP_RegisterProtectEnable
 .text.R_BSP_RegisterProtectDisable
                0x00008d88       0x54 ./ra/fsp/src/bsp/mcu/all/bsp_register_protection.o
                0x00008d88                R_BSP_RegisterProtectDisable
 .text._sbrk    0x00008ddc       0x40 ./ra/fsp/src/bsp/mcu/all/bsp_sbrk.o
                0x00008ddc                _sbrk
 .text.Default_Handler
                0x00008e1c        0x4 ./ra/fsp/src/bsp/cmsis/Device/RENESAS/Source/startup.o
                0x00008e1c                DebugMon_Handler
                0x00008e1c                HardFault_Handler
                0x00008e1c                UsageFault_Handler
                0x00008e1c                SecureFault_Handler
                0x00008e1c                Default_Handler
                0x00008e1c                MemManage_Handler
                0x00008e1c                BusFault_Handler
 .text.Reset_Handler
                0x00008e20        0xc ./ra/fsp/src/bsp/cmsis/Device/RENESAS/Source/startup.o
                0x00008e20                Reset_Handler
 .text.SystemInit
                0x00008e2c       0xe0 ./ra/fsp/src/bsp/cmsis/Device/RENESAS/Source/system.o
                0x00008e2c                SystemInit
 .text.bsp_init
                0x00008f0c        0x4 ./ra/board/ra6m4_ek/board_init.o
                0x00008f0c                bsp_init
 .text.prvInsertBlockIntoFreeList
                0x00008f10       0x60 ./ra/aws/FreeRTOS/FreeRTOS/Source/portable/MemMang/heap_4.o
 .text.pvPortMalloc
                0x00008f70      0x134 ./ra/aws/FreeRTOS/FreeRTOS/Source/portable/MemMang/heap_4.o
                0x00008f70                pvPortMalloc
 .text.vPortFree
                0x000090a4       0x7c ./ra/aws/FreeRTOS/FreeRTOS/Source/portable/MemMang/heap_4.o
                0x000090a4                vPortFree
 .text.xEventGroupCreateStatic
                0x00009120       0x50 ./ra/aws/FreeRTOS/FreeRTOS/Source/event_groups.o
                0x00009120                xEventGroupCreateStatic
 .text.xEventGroupWaitBits
                0x00009170      0x148 ./ra/aws/FreeRTOS/FreeRTOS/Source/event_groups.o
                0x00009170                xEventGroupWaitBits
 .text.xEventGroupGetBitsFromISR
                0x000092b8       0x14 ./ra/aws/FreeRTOS/FreeRTOS/Source/event_groups.o
                0x000092b8                xEventGroupGetBitsFromISR
 .text.xEventGroupSetBits
                0x000092cc       0x98 ./ra/aws/FreeRTOS/FreeRTOS/Source/event_groups.o
                0x000092cc                xEventGroupSetBits
 .text.vEventGroupSetBitsCallback
                0x00009364        0x4 ./ra/aws/FreeRTOS/FreeRTOS/Source/event_groups.o
                0x00009364                vEventGroupSetBitsCallback
 .text.vListInitialise
                0x00009368       0x18 ./ra/aws/FreeRTOS/FreeRTOS/Source/list.o
                0x00009368                vListInitialise
 .text.vListInitialiseItem
                0x00009380        0x8 ./ra/aws/FreeRTOS/FreeRTOS/Source/list.o
                0x00009380                vListInitialiseItem
 .text.vListInsert
                0x00009388       0x30 ./ra/aws/FreeRTOS/FreeRTOS/Source/list.o
                0x00009388                vListInsert
 .text.uxListRemove
                0x000093b8       0x28 ./ra/aws/FreeRTOS/FreeRTOS/Source/list.o
                0x000093b8                uxListRemove
 .text.prvCopyDataToQueue
                0x000093e0       0x60 ./ra/aws/FreeRTOS/FreeRTOS/Source/queue.o
 .text.prvUnlockQueue
                0x00009440       0x8c ./ra/aws/FreeRTOS/FreeRTOS/Source/queue.o
 .text.xQueueGenericReset
                0x000094cc       0xbc ./ra/aws/FreeRTOS/FreeRTOS/Source/queue.o
                0x000094cc                xQueueGenericReset
 .text.xQueueGenericCreateStatic
                0x00009588       0x84 ./ra/aws/FreeRTOS/FreeRTOS/Source/queue.o
                0x00009588                xQueueGenericCreateStatic
 .text.xQueueGenericCreate
                0x0000960c       0x5c ./ra/aws/FreeRTOS/FreeRTOS/Source/queue.o
                0x0000960c                xQueueGenericCreate
 .text.xQueueCreateCountingSemaphoreStatic
                0x00009668       0x7c ./ra/aws/FreeRTOS/FreeRTOS/Source/queue.o
                0x00009668                xQueueCreateCountingSemaphoreStatic
 .text.xQueueGenericSend
                0x000096e4      0x198 ./ra/aws/FreeRTOS/FreeRTOS/Source/queue.o
                0x000096e4                xQueueGenericSend
 .text.xQueueGenericSendFromISR
                0x0000987c       0xe8 ./ra/aws/FreeRTOS/FreeRTOS/Source/queue.o
                0x0000987c                xQueueGenericSendFromISR
 .text.xQueueReceive
                0x00009964      0x178 ./ra/aws/FreeRTOS/FreeRTOS/Source/queue.o
                0x00009964                xQueueReceive
 .text.xQueueSemaphoreTake
                0x00009adc      0x154 ./ra/aws/FreeRTOS/FreeRTOS/Source/queue.o
                0x00009adc                xQueueSemaphoreTake
 .text.vQueueAddToRegistry
                0x00009c30       0x64 ./ra/aws/FreeRTOS/FreeRTOS/Source/queue.o
                0x00009c30                vQueueAddToRegistry
 .text.vQueueWaitForMessageRestricted
                0x00009c94       0x50 ./ra/aws/FreeRTOS/FreeRTOS/Source/queue.o
                0x00009c94                vQueueWaitForMessageRestricted
 .text.prvAddNewTaskToReadyList
                0x00009ce4      0x128 ./ra/aws/FreeRTOS/FreeRTOS/Source/tasks.o
 .text.prvAddCurrentTaskToDelayedList
                0x00009e0c       0xa4 ./ra/aws/FreeRTOS/FreeRTOS/Source/tasks.o
 .text.prvInitialiseNewTask.constprop.0
                0x00009eb0       0x9c ./ra/aws/FreeRTOS/FreeRTOS/Source/tasks.o
 .text.prvIdleTask
                0x00009f4c       0x78 ./ra/aws/FreeRTOS/FreeRTOS/Source/tasks.o
 .text.xTaskIncrementTick.part.0
                0x00009fc4      0x174 ./ra/aws/FreeRTOS/FreeRTOS/Source/tasks.o
 .text.xTaskCreateStatic
                0x0000a138       0x9c ./ra/aws/FreeRTOS/FreeRTOS/Source/tasks.o
                0x0000a138                xTaskCreateStatic
 .text.xTaskCreate
                0x0000a1d4       0x64 ./ra/aws/FreeRTOS/FreeRTOS/Source/tasks.o
                0x0000a1d4                xTaskCreate
 .text.vTaskStartScheduler
                0x0000a238       0x94 ./ra/aws/FreeRTOS/FreeRTOS/Source/tasks.o
                0x0000a238                vTaskStartScheduler
 .text.vTaskSuspendAll
                0x0000a2cc       0x10 ./ra/aws/FreeRTOS/FreeRTOS/Source/tasks.o
                0x0000a2cc                vTaskSuspendAll
 .text.xTaskResumeAll
                0x0000a2dc      0x1a8 ./ra/aws/FreeRTOS/FreeRTOS/Source/tasks.o
                0x0000a2dc                xTaskResumeAll
 .text.vTaskDelay
                0x0000a484       0x50 ./ra/aws/FreeRTOS/FreeRTOS/Source/tasks.o
                0x0000a484                vTaskDelay
 .text.xTaskGetTickCount
                0x0000a4d4        0xc ./ra/aws/FreeRTOS/FreeRTOS/Source/tasks.o
                0x0000a4d4                xTaskGetTickCount
 .text.uxTaskGetNumberOfTasks
                0x0000a4e0        0xc ./ra/aws/FreeRTOS/FreeRTOS/Source/tasks.o
                0x0000a4e0                uxTaskGetNumberOfTasks
 .text.xTaskIncrementTick
                0x0000a4ec       0x20 ./ra/aws/FreeRTOS/FreeRTOS/Source/tasks.o
                0x0000a4ec                xTaskIncrementTick
 .text.vTaskSwitchContext
                0x0000a50c       0x94 ./ra/aws/FreeRTOS/FreeRTOS/Source/tasks.o
                0x0000a50c                vTaskSwitchContext
 .text.vTaskPlaceOnEventList
                0x0000a5a0       0x3c ./ra/aws/FreeRTOS/FreeRTOS/Source/tasks.o
                0x0000a5a0                vTaskPlaceOnEventList
 .text.vTaskPlaceOnUnorderedEventList
                0x0000a5dc       0x80 ./ra/aws/FreeRTOS/FreeRTOS/Source/tasks.o
                0x0000a5dc                vTaskPlaceOnUnorderedEventList
 .text.vTaskPlaceOnEventListRestricted
                0x0000a65c       0x6c ./ra/aws/FreeRTOS/FreeRTOS/Source/tasks.o
                0x0000a65c                vTaskPlaceOnEventListRestricted
 .text.xTaskRemoveFromEventList
                0x0000a6c8       0xe8 ./ra/aws/FreeRTOS/FreeRTOS/Source/tasks.o
                0x0000a6c8                xTaskRemoveFromEventList
 .text.vTaskRemoveFromUnorderedEventList
                0x0000a7b0       0xd0 ./ra/aws/FreeRTOS/FreeRTOS/Source/tasks.o
                0x0000a7b0                vTaskRemoveFromUnorderedEventList
 .text.vTaskInternalSetTimeOutState
                0x0000a880       0x18 ./ra/aws/FreeRTOS/FreeRTOS/Source/tasks.o
                0x0000a880                vTaskInternalSetTimeOutState
 .text.xTaskCheckForTimeOut
                0x0000a898       0x90 ./ra/aws/FreeRTOS/FreeRTOS/Source/tasks.o
                0x0000a898                xTaskCheckForTimeOut
 .text.vTaskMissedYield
                0x0000a928        0xc ./ra/aws/FreeRTOS/FreeRTOS/Source/tasks.o
                0x0000a928                vTaskMissedYield
 .text.xTaskGetCurrentTaskHandle
                0x0000a934        0xc ./ra/aws/FreeRTOS/FreeRTOS/Source/tasks.o
                0x0000a934                xTaskGetCurrentTaskHandle
 .text.xTaskGetSchedulerState
                0x0000a940       0x20 ./ra/aws/FreeRTOS/FreeRTOS/Source/tasks.o
                0x0000a940                xTaskGetSchedulerState
 .text.uxTaskResetEventItemValue
                0x0000a960       0x18 ./ra/aws/FreeRTOS/FreeRTOS/Source/tasks.o
                0x0000a960                uxTaskResetEventItemValue
 .text.prvCheckForValidListAndQueue
                0x0000a978       0x6c ./ra/aws/FreeRTOS/FreeRTOS/Source/timers.o
 .text.prvProcessExpiredTimer
                0x0000a9e4       0x90 ./ra/aws/FreeRTOS/FreeRTOS/Source/timers.o
 .text.prvTimerTask
                0x0000aa74      0x25c ./ra/aws/FreeRTOS/FreeRTOS/Source/timers.o
 .text.xTimerCreateTimerTask
                0x0000acd0       0x6c ./ra/aws/FreeRTOS/FreeRTOS/Source/timers.o
                0x0000acd0                xTimerCreateTimerTask
 .text.xTimerPendFunctionCallFromISR
                0x0000ad3c       0x30 ./ra/aws/FreeRTOS/FreeRTOS/Source/timers.o
                0x0000ad3c                xTimerPendFunctionCallFromISR
 .text._strtol_l.isra.0
                0x0000ad6c       0xf4 /opt/arm-gnu-toolchain-13.3.rel1-x86_64-arm-none-eabi/bin/../lib/gcc/arm-none-eabi/13.3.1/../../../../arm-none-eabi/lib/thumb/v8-m.main+fp/hard/libg_nano.a(libc_a-strtol.o)
 .text.strtol   0x0000ae60       0x14 /opt/arm-gnu-toolchain-13.3.rel1-x86_64-arm-none-eabi/bin/../lib/gcc/arm-none-eabi/13.3.1/../../../../arm-none-eabi/lib/thumb/v8-m.main+fp/hard/libg_nano.a(libc_a-strtol.o)
                0x0000ae60                strtol
 .text.__errno  0x0000ae74        0xc /opt/arm-gnu-toolchain-13.3.rel1-x86_64-arm-none-eabi/bin/../lib/gcc/arm-none-eabi/13.3.1/../../../../arm-none-eabi/lib/thumb/v8-m.main+fp/hard/libg_nano.a(libc_a-errno.o)
                0x0000ae74                __errno
 .text.memset   0x0000ae80       0x10 /opt/arm-gnu-toolchain-13.3.rel1-x86_64-arm-none-eabi/bin/../lib/gcc/arm-none-eabi/13.3.1/../../../../arm-none-eabi/lib/thumb/v8-m.main+fp/hard/libg_nano.a(libc_a-memset.o)
                0x0000ae80                memset
 .text.strcasecmp
                0x0000ae90       0x38 /opt/arm-gnu-toolchain-13.3.rel1-x86_64-arm-none-eabi/bin/../lib/gcc/arm-none-eabi/13.3.1/../../../../arm-none-eabi/lib/thumb/v8-m.main+fp/hard/libg_nano.a(libc_a-strcasecmp.o)
                0x0000ae90                strcasecmp
 .text.strcat   0x0000aec8       0x1e /opt/arm-gnu-toolchain-13.3.rel1-x86_64-arm-none-eabi/bin/../lib/gcc/arm-none-eabi/13.3.1/../../../../arm-none-eabi/lib/thumb/v8-m.main+fp/hard/libg_nano.a(libc_a-strcat.o)
                0x0000aec8                strcat
 .text.strchr   0x0000aee6       0x1a /opt/arm-gnu-toolchain-13.3.rel1-x86_64-arm-none-eabi/bin/../lib/gcc/arm-none-eabi/13.3.1/../../../../arm-none-eabi/lib/thumb/v8-m.main+fp/hard/libg_nano.a(libc_a-strchr.o)
                0x0000aee6                strchr
 .text.strncasecmp
                0x0000af00       0x40 /opt/arm-gnu-toolchain-13.3.rel1-x86_64-arm-none-eabi/bin/../lib/gcc/arm-none-eabi/13.3.1/../../../../arm-none-eabi/lib/thumb/v8-m.main+fp/hard/libg_nano.a(libc_a-strncasecmp.o)
                0x0000af00                strncasecmp
 .text.memcpy   0x0000af40       0x1a /opt/arm-gnu-toolchain-13.3.rel1-x86_64-arm-none-eabi/bin/../lib/gcc/arm-none-eabi/13.3.1/../../../../arm-none-eabi/lib/thumb/v8-m.main+fp/hard/libg_nano.a(libc_a-memcpy-stub.o)
                0x0000af40                memcpy
 .text          0x0000af5a       0x10 /opt/arm-gnu-toolchain-13.3.rel1-x86_64-arm-none-eabi/bin/../lib/gcc/arm-none-eabi/13.3.1/../../../../arm-none-eabi/lib/thumb/v8-m.main+fp/hard/libg_nano.a(libc_a-strlen.o)
                0x0000af5a                strlen
 .text.strncmp  0x0000af6a       0x24 /opt/arm-gnu-toolchain-13.3.rel1-x86_64-arm-none-eabi/bin/../lib/gcc/arm-none-eabi/13.3.1/../../../../arm-none-eabi/lib/thumb/v8-m.main+fp/hard/libg_nano.a(libc_a-strncmp.o)
                0x0000af6a                strncmp
 .text.strncpy  0x0000af8e       0x26 /opt/arm-gnu-toolchain-13.3.rel1-x86_64-arm-none-eabi/bin/../lib/gcc/arm-none-eabi/13.3.1/../../../../arm-none-eabi/lib/thumb/v8-m.main+fp/hard/libg_nano.a(libc_a-strncpy.o)
                0x0000af8e                strncpy
 .text.sprintf  0x0000afb4       0x44 /opt/arm-gnu-toolchain-13.3.rel1-x86_64-arm-none-eabi/bin/../lib/gcc/arm-none-eabi/13.3.1/../../../../arm-none-eabi/lib/thumb/v8-m.main+fp/hard/libg_nano.a(libc_a-sprintf.o)
                0x0000afb4                sprintf
                0x0000afb4                siprintf
 .text.strtok   0x0000aff8       0x68 /opt/arm-gnu-toolchain-13.3.rel1-x86_64-arm-none-eabi/bin/../lib/gcc/arm-none-eabi/13.3.1/../../../../arm-none-eabi/lib/thumb/v8-m.main+fp/hard/libg_nano.a(libc_a-strtok.o)
                0x0000aff8                strtok
 .text.atoi     0x0000b060        0x8 /opt/arm-gnu-toolchain-13.3.rel1-x86_64-arm-none-eabi/bin/../lib/gcc/arm-none-eabi/13.3.1/../../../../arm-none-eabi/lib/thumb/v8-m.main+fp/hard/libg_nano.a(libc_a-atoi.o)
                0x0000b060                atoi
 .text.__strtok_r
                0x0000b068       0x50 /opt/arm-gnu-toolchain-13.3.rel1-x86_64-arm-none-eabi/bin/../lib/gcc/arm-none-eabi/13.3.1/../../../../arm-none-eabi/lib/thumb/v8-m.main+fp/hard/libg_nano.a(libc_a-strtok_r.o)
                0x0000b068                __strtok_r
 .text.strstr   0x0000b0b8       0x2c /opt/arm-gnu-toolchain-13.3.rel1-x86_64-arm-none-eabi/bin/../lib/gcc/arm-none-eabi/13.3.1/../../../../arm-none-eabi/lib/thumb/v8-m.main+fp/hard/libg_nano.a(libc_a-strstr.o)
                0x0000b0b8                strstr
 .text._vsprintf_r
                0x0000b0e4       0x2c /opt/arm-gnu-toolchain-13.3.rel1-x86_64-arm-none-eabi/bin/../lib/gcc/arm-none-eabi/13.3.1/../../../../arm-none-eabi/lib/thumb/v8-m.main+fp/hard/libg_nano.a(libc_a-vsprintf.o)
                0x0000b0e4                _vsiprintf_r
                0x0000b0e4                _vsprintf_r
 .text.vsprintf
                0x0000b110       0x14 /opt/arm-gnu-toolchain-13.3.rel1-x86_64-arm-none-eabi/bin/../lib/gcc/arm-none-eabi/13.3.1/../../../../arm-none-eabi/lib/thumb/v8-m.main+fp/hard/libg_nano.a(libc_a-vsprintf.o)
                0x0000b110                vsprintf
                0x0000b110                vsiprintf
 .text.__ssputs_r
                0x0000b124       0xb6 /opt/arm-gnu-toolchain-13.3.rel1-x86_64-arm-none-eabi/bin/../lib/gcc/arm-none-eabi/13.3.1/../../../../arm-none-eabi/lib/thumb/v8-m.main+fp/hard/libg_nano.a(libc_a-nano-svfprintf.o)
                0x0000b124                __ssputs_r
 *fill*         0x0000b1da        0x2 ff
 .text._svfprintf_r
                0x0000b1dc      0x1f8 /opt/arm-gnu-toolchain-13.3.rel1-x86_64-arm-none-eabi/bin/../lib/gcc/arm-none-eabi/13.3.1/../../../../arm-none-eabi/lib/thumb/v8-m.main+fp/hard/libg_nano.a(libc_a-nano-svfprintf.o)
                0x0000b1dc                _svfprintf_r
                0x0000b1dc                _svfiprintf_r
 .text.memmove  0x0000b3d4       0x34 /opt/arm-gnu-toolchain-13.3.rel1-x86_64-arm-none-eabi/bin/../lib/gcc/arm-none-eabi/13.3.1/../../../../arm-none-eabi/lib/thumb/v8-m.main+fp/hard/libg_nano.a(libc_a-memmove.o)
                0x0000b3d4                memmove
 .text.__retarget_lock_acquire_recursive
                0x0000b408        0x2 /opt/arm-gnu-toolchain-13.3.rel1-x86_64-arm-none-eabi/bin/../lib/gcc/arm-none-eabi/13.3.1/../../../../arm-none-eabi/lib/thumb/v8-m.main+fp/hard/libg_nano.a(libc_a-lock.o)
                0x0000b408                __retarget_lock_acquire_recursive
 .text.__retarget_lock_release_recursive
                0x0000b40a        0x2 /opt/arm-gnu-toolchain-13.3.rel1-x86_64-arm-none-eabi/bin/../lib/gcc/arm-none-eabi/13.3.1/../../../../arm-none-eabi/lib/thumb/v8-m.main+fp/hard/libg_nano.a(libc_a-lock.o)
                0x0000b40a                __retarget_lock_release_recursive
 .text._printf_common
                0x0000b40c       0xe4 /opt/arm-gnu-toolchain-13.3.rel1-x86_64-arm-none-eabi/bin/../lib/gcc/arm-none-eabi/13.3.1/../../../../arm-none-eabi/lib/thumb/v8-m.main+fp/hard/libg_nano.a(libc_a-nano-vfprintf_i.o)
                0x0000b40c                _printf_common
 .text._printf_i
                0x0000b4f0      0x23c /opt/arm-gnu-toolchain-13.3.rel1-x86_64-arm-none-eabi/bin/../lib/gcc/arm-none-eabi/13.3.1/../../../../arm-none-eabi/lib/thumb/v8-m.main+fp/hard/libg_nano.a(libc_a-nano-vfprintf_i.o)
                0x0000b4f0                _printf_i
 .text.malloc   0x0000b72c       0x10 /opt/arm-gnu-toolchain-13.3.rel1-x86_64-arm-none-eabi/bin/../lib/gcc/arm-none-eabi/13.3.1/../../../../arm-none-eabi/lib/thumb/v8-m.main+fp/hard/libg_nano.a(libc_a-malloc.o)
                0x0000b72c                malloc
 .text.sbrk_aligned
                0x0000b73c       0x44 /opt/arm-gnu-toolchain-13.3.rel1-x86_64-arm-none-eabi/bin/../lib/gcc/arm-none-eabi/13.3.1/../../../../arm-none-eabi/lib/thumb/v8-m.main+fp/hard/libg_nano.a(libc_a-mallocr.o)
 .text._malloc_r
                0x0000b780      0x100 /opt/arm-gnu-toolchain-13.3.rel1-x86_64-arm-none-eabi/bin/../lib/gcc/arm-none-eabi/13.3.1/../../../../arm-none-eabi/lib/thumb/v8-m.main+fp/hard/libg_nano.a(libc_a-mallocr.o)
                0x0000b780                _malloc_r
 .text.memchr   0x0000b880       0x1c /opt/arm-gnu-toolchain-13.3.rel1-x86_64-arm-none-eabi/bin/../lib/gcc/arm-none-eabi/13.3.1/../../../../arm-none-eabi/lib/thumb/v8-m.main+fp/hard/libg_nano.a(libc_a-memchr-stub.o)
                0x0000b880                memchr
 .text.__malloc_lock
                0x0000b89c        0xc /opt/arm-gnu-toolchain-13.3.rel1-x86_64-arm-none-eabi/bin/../lib/gcc/arm-none-eabi/13.3.1/../../../../arm-none-eabi/lib/thumb/v8-m.main+fp/hard/libg_nano.a(libc_a-mlock.o)
                0x0000b89c                __malloc_lock
 .text.__malloc_unlock
                0x0000b8a8        0xc /opt/arm-gnu-toolchain-13.3.rel1-x86_64-arm-none-eabi/bin/../lib/gcc/arm-none-eabi/13.3.1/../../../../arm-none-eabi/lib/thumb/v8-m.main+fp/hard/libg_nano.a(libc_a-mlock.o)
                0x0000b8a8                __malloc_unlock
 .text._sbrk_r  0x0000b8b4       0x20 /opt/arm-gnu-toolchain-13.3.rel1-x86_64-arm-none-eabi/bin/../lib/gcc/arm-none-eabi/13.3.1/../../../../arm-none-eabi/lib/thumb/v8-m.main+fp/hard/libg_nano.a(libc_a-sbrkr.o)
                0x0000b8b4                _sbrk_r
 .text._realloc_r
                0x0000b8d4       0x5c /opt/arm-gnu-toolchain-13.3.rel1-x86_64-arm-none-eabi/bin/../lib/gcc/arm-none-eabi/13.3.1/../../../../arm-none-eabi/lib/thumb/v8-m.main+fp/hard/libg_nano.a(libc_a-reallocr.o)
                0x0000b8d4                _realloc_r
 .text._free_r  0x0000b930       0x94 /opt/arm-gnu-toolchain-13.3.rel1-x86_64-arm-none-eabi/bin/../lib/gcc/arm-none-eabi/13.3.1/../../../../arm-none-eabi/lib/thumb/v8-m.main+fp/hard/libg_nano.a(libc_a-freer.o)
                0x0000b930                _free_r
 .text._malloc_usable_size_r
                0x0000b9c4       0x10 /opt/arm-gnu-toolchain-13.3.rel1-x86_64-arm-none-eabi/bin/../lib/gcc/arm-none-eabi/13.3.1/../../../../arm-none-eabi/lib/thumb/v8-m.main+fp/hard/libg_nano.a(libc_a-msizer.o)
                0x0000b9c4                _malloc_usable_size_r
 *(.version)
 .version       0x0000b9d4       0x50 ./ra/fsp/src/bsp/mcu/all/bsp_common.o
 *(.init)
 .init          0x0000ba24        0x4 /opt/arm-gnu-toolchain-13.3.rel1-x86_64-arm-none-eabi/bin/../lib/gcc/arm-none-eabi/13.3.1/thumb/v8-m.main+fp/hard/crti.o
                0x0000ba24                _init
 .init          0x0000ba28        0x8 /opt/arm-gnu-toolchain-13.3.rel1-x86_64-arm-none-eabi/bin/../lib/gcc/arm-none-eabi/13.3.1/thumb/v8-m.main+fp/hard/crtn.o
 *(.fini)
 .fini          0x0000ba30        0x4 /opt/arm-gnu-toolchain-13.3.rel1-x86_64-arm-none-eabi/bin/../lib/gcc/arm-none-eabi/13.3.1/thumb/v8-m.main+fp/hard/crti.o
                0x0000ba30                _fini
 .fini          0x0000ba34        0x8 /opt/arm-gnu-toolchain-13.3.rel1-x86_64-arm-none-eabi/bin/../lib/gcc/arm-none-eabi/13.3.1/thumb/v8-m.main+fp/hard/crtn.o
 *crtbegin.o(.ctors)
 *crtbegin?.o(.ctors)
 *(EXCLUDE_FILE(*crtend.o *crtend?.o) .ctors)
 *(SORT_BY_NAME(.ctors.*))
 *(.ctors)
 *crtbegin.o(.dtors)
 *crtbegin?.o(.dtors)
 *(EXCLUDE_FILE(*crtend.o *crtend?.o) .dtors)
 *(SORT_BY_NAME(.dtors.*))
 *(.dtors)
 *(.rodata*)
 .rodata.SdioTxWorkerTask.str1.4
                0x0000ba3c     0x197c ./src/sdio/sdio_cmd.o
                                0x122 (size before relaxing)
 .rodata.SDIO_cmd_init.str1.4
                0x0000d3b8       0x39 ./src/sdio/sdio_cmd.o
 .rodata.Received_SDIO_Data_From_DA16xxx.str1.4
                0x0000d3b8       0x8e ./src/sdio/sdio_cmd.o
 .rodata.Transfer_ATCmd_To_SDIO.str1.4
                0x0000d3b8      0x28a ./src/sdio/sdio_cmd.o
 .rodata.sdio_read_ext_1.str1.4
                0x0000d3b8       0x4e ./src/sdio/sdio_drv.o
 .rodata.sdio_read_ext.str1.4
                0x0000d3b8       0x3c ./src/sdio/sdio_drv.o
 .rodata.sdio_write_ext.str1.4
                0x0000d3b8       0x23 ./src/sdio/sdio_drv.o
 .rodata.sdio_initialize.str1.4
                0x0000d3b8       0x1c ./src/sdio/sdio_drv.o
 .rodata.init_drv_sdio.str1.4
                0x0000d3b8       0x78 ./src/sdio/sdio_drv.o
 .rodata.__func__.0
                0x0000d3b8        0xe ./src/sdio/sdio_drv.o
 .rodata.aws_iot_atcmd_stm_it.str1.4
                0x0000d3c6      0x1db ./src/atcmd/at_cmd.o
 .rodata.PRINTF_ATCMD_WAITRES.str1.4
                0x0000d3c6       0x1a ./src/atcmd/at_cmd.o
 .rodata.get_device_status.str1.4
                0x0000d3c6        0xa ./src/atcmd/at_cmd.o
 .rodata.atcmd_ota_image_check.str1.4
                0x0000d3c6       0x95 ./src/atcmd/at_cmd.o
 .rodata.atcmd_ota_set.str1.4
                0x0000d3c6       0xea ./src/atcmd/at_cmd.o
 .rodata.command_parser.str1.4
                0x0000d3c6       0x51 ./src/atcmd/at_cmd.o
 *fill*         0x0000d3c6        0x2 ff
 .rodata.__func__.1
                0x0000d3c8       0x15 ./src/atcmd/at_cmd.o
 *fill*         0x0000d3dd        0x3 ff
 .rodata.__func__.2
                0x0000d3e0       0x12 ./src/atcmd/at_cmd.o
 .rodata.str1.4